The target system is: Linux -  - loongson
The host system is: Linux - 6.8.0-110-generic - x86_64
Compiling the C compiler identification source file "CMakeCCompilerId.c" succeeded.
Compiler: /opt/ls_2k0300_env/loongson-gnu-toolchain-8.3-x86_64-loongarch64-linux-gnu-rc1.6/bin/loongarch64-linux-gnu-gcc 
Build flags: 
Id flags:  

The output was:
0


Compilation of the C compiler identification source "CMakeCCompilerId.c" produced "a.out"

The C compiler identification is GNU, found in "/home/lq/LS2K0300_Library/LS2K300_Library/Example/Motherboard_Demo/E2_encoder/E02_02_encoder_quad_demo/out/CMakeFiles/3.22.1/CompilerIdC/a.out"

Compiling the CXX compiler identification source file "CMakeCXXCompilerId.cpp" succeeded.
Compiler: /opt/ls_2k0300_env/loongson-gnu-toolchain-8.3-x86_64-loongarch64-linux-gnu-rc1.6/bin/loongarch64-linux-gnu-g++ 
Build flags: 
Id flags:  

The output was:
0


Compilation of the CXX compiler identification source "CMakeCXXCompilerId.cpp" produced "a.out"

The CXX compiler identification is GNU, found in "/home/lq/LS2K0300_Library/LS2K300_Library/Example/Motherboard_Demo/E2_encoder/E02_02_encoder_quad_demo/out/CMakeFiles/3.22.1/CompilerIdCXX/a.out"

Detecting C compiler ABI info compiled with the following output:
Change Dir: /home/lq/LS2K0300_Library/LS2K300_Library/Example/Motherboard_Demo/E2_encoder/E02_02_encoder_quad_demo/out/CMakeFiles/CMakeTmp

Run Build Command(s):/usr/bin/gmake -f Makefile cmTC_cf0b4/fast && /usr/bin/gmake  -f CMakeFiles/cmTC_cf0b4.dir/build.make CMakeFiles/cmTC_cf0b4.dir/build
gmake[1]: Entering directory '/home/lq/LS2K0300_Library/LS2K300_Library/Example/Motherboard_Demo/E2_encoder/E02_02_encoder_quad_demo/out/CMakeFiles/CMakeTmp'
Building C object CMakeFiles/cmTC_cf0b4.dir/CMakeCCompilerABI.c.o
/opt/ls_2k0300_env/loongson-gnu-toolchain-8.3-x86_64-loongarch64-linux-gnu-rc1.6/bin/loongarch64-linux-gnu-gcc   -v -o CMakeFiles/cmTC_cf0b4.dir/CMakeCCompilerABI.c.o -c /usr/share/cmake-3.22/Modules/CMakeCCompilerABI.c
Using built-in specs.
COLLECT_GCC=/opt/ls_2k0300_env/loongson-gnu-toolchain-8.3-x86_64-loongarch64-linux-gnu-rc1.6/bin/loongarch64-linux-gnu-gcc
Target: loongarch64-linux-gnu
Configured with: ../src/gcc/configure --build=x86_64-linux-gnu --host=x86_64-linux-gnu --target=loongarch64-linux-gnu --prefix=/dev/shm/build-loongson-gnu-toolchain-8.3-x86_64-loongarch64-linux-gnu-rc1.6/prefix --with-pkgversion='LoongArch GNU toolchain rc1.6 (20241115)' --with-sysroot=/dev/shm/build-loongson-gnu-toolchain-8.3-x86_64-loongarch64-linux-gnu-rc1.6/prefix/loongarch64-linux-gnu/sysroot --with-native-system-header-dir=/usr/include --with-gxx-include-dir=/dev/shm/build-loongson-gnu-toolchain-8.3-x86_64-loongarch64-linux-gnu-rc1.6/prefix/loongarch64-linux-gnu/sysroot/usr/include/c++/8.3.0 --enable-languages=c,c++,fortran --enable-initfini-array --disable-bootstrap --disable-decimal-float --disable-linker-build-id --disable-multiarch --disable-libcc1 --disable-nls --disable-zlib --with-system-zlib --with-multilib-list=lp64d,lp64s
Thread model: posix
gcc version 8.3.0 (LoongArch GNU toolchain rc1.6 (20241115)) 
COLLECT_GCC_OPTIONS='-v' '-o' 'CMakeFiles/cmTC_cf0b4.dir/CMakeCCompilerABI.c.o' '-c' '-mabi=lp64d' '-march=loongarch64' '-mfpu=64' '-msimd=none' '-mcmodel=normal' '-mtune=loongarch64'
 /opt/ls_2k0300_env/loongson-gnu-toolchain-8.3-x86_64-loongarch64-linux-gnu-rc1.6/bin/../libexec/gcc/loongarch64-linux-gnu/8.3.0/cc1 -quiet -v -imultilib . -iprefix /opt/ls_2k0300_env/loongson-gnu-toolchain-8.3-x86_64-loongarch64-linux-gnu-rc1.6/bin/../lib/gcc/loongarch64-linux-gnu/8.3.0/ -isysroot /opt/ls_2k0300_env/loongson-gnu-toolchain-8.3-x86_64-loongarch64-linux-gnu-rc1.6/bin/../loongarch64-linux-gnu/sysroot /usr/share/cmake-3.22/Modules/CMakeCCompilerABI.c -quiet -dumpbase CMakeCCompilerABI.c -mabi=lp64d -march=loongarch64 -mfpu=64 -msimd=none -mcmodel=normal -mtune=loongarch64 -auxbase-strip CMakeFiles/cmTC_cf0b4.dir/CMakeCCompilerABI.c.o -version -o /tmp/ccnFOnpX.s
GNU C17 (LoongArch GNU toolchain rc1.6 (20241115)) version 8.3.0 (loongarch64-linux-gnu)
	compiled by GNU C version 8.5.0, GMP version 6.1.0, MPFR version 3.1.4, MPC version 1.0.3, isl version isl-0.18-GMP

GGC heuristics: --param ggc-min-expand=100 --param ggc-min-heapsize=131072
ignoring nonexistent directory "/opt/ls_2k0300_env/loongson-gnu-toolchain-8.3-x86_64-loongarch64-linux-gnu-rc1.6/bin/../lib/gcc/loongarch64-linux-gnu/8.3.0/../../../../loongarch64-linux-gnu/include"
ignoring duplicate directory "/opt/ls_2k0300_env/loongson-gnu-toolchain-8.3-x86_64-loongarch64-linux-gnu-rc1.6/lib/gcc/loongarch64-linux-gnu/8.3.0/include"
ignoring nonexistent directory "/opt/ls_2k0300_env/loongson-gnu-toolchain-8.3-x86_64-loongarch64-linux-gnu-rc1.6/bin/../loongarch64-linux-gnu/sysroot/usr/local/include"
ignoring duplicate directory "/opt/ls_2k0300_env/loongson-gnu-toolchain-8.3-x86_64-loongarch64-linux-gnu-rc1.6/lib/gcc/loongarch64-linux-gnu/8.3.0/include-fixed"
ignoring nonexistent directory "/opt/ls_2k0300_env/loongson-gnu-toolchain-8.3-x86_64-loongarch64-linux-gnu-rc1.6/bin/../lib/gcc/../../lib/gcc/loongarch64-linux-gnu/8.3.0/../../../../loongarch64-linux-gnu/include"
#include "..." search starts here:
#include <...> search starts here:
 /opt/ls_2k0300_env/loongson-gnu-toolchain-8.3-x86_64-loongarch64-linux-gnu-rc1.6/lib/gcc/loongarch64-linux-gnu/8.3.0/include
 /opt/ls_2k0300_env/loongson-gnu-toolchain-8.3-x86_64-loongarch64-linux-gnu-rc1.6/lib/gcc/loongarch64-linux-gnu/8.3.0/include-fixed
 /opt/ls_2k0300_env/loongson-gnu-toolchain-8.3-x86_64-loongarch64-linux-gnu-rc1.6/loongarch64-linux-gnu/sysroot/usr/include
End of search list.
GNU C17 (LoongArch GNU toolchain rc1.6 (20241115)) version 8.3.0 (loongarch64-linux-gnu)
	compiled by GNU C version 8.5.0, GMP version 6.1.0, MPFR version 3.1.4, MPC version 1.0.3, isl version isl-0.18-GMP

GGC heuristics: --param ggc-min-expand=100 --param ggc-min-heapsize=131072
Compiler executable checksum: e9195fca1b08cea7a12c2fefbe3ceb67
COLLECT_GCC_OPTIONS='-v' '-o' 'CMakeFiles/cmTC_cf0b4.dir/CMakeCCompilerABI.c.o' '-c' '-mabi=lp64d' '-march=loongarch64' '-mfpu=64' '-msimd=none' '-mcmodel=normal' '-mtune=loongarch64'
 /opt/ls_2k0300_env/loongson-gnu-toolchain-8.3-x86_64-loongarch64-linux-gnu-rc1.6/bin/../lib/gcc/loongarch64-linux-gnu/8.3.0/../../../../loongarch64-linux-gnu/bin/as -v -mabi=lp64 -o CMakeFiles/cmTC_cf0b4.dir/CMakeCCompilerABI.c.o /tmp/ccnFOnpX.s
GNU assembler version 2.31.1 (loongarch64-linux-gnu) using BFD version (LoongArch GNU toolchain rc1.6 20241115) 2.31.1.20190122
COMPILER_PATH=/opt/ls_2k0300_env/loongson-gnu-toolchain-8.3-x86_64-loongarch64-linux-gnu-rc1.6/bin/../libexec/gcc/loongarch64-linux-gnu/8.3.0/:/opt/ls_2k0300_env/loongson-gnu-toolchain-8.3-x86_64-loongarch64-linux-gnu-rc1.6/bin/../libexec/gcc/:/opt/ls_2k0300_env/loongson-gnu-toolchain-8.3-x86_64-loongarch64-linux-gnu-rc1.6/bin/../lib/gcc/loongarch64-linux-gnu/8.3.0/../../../../loongarch64-linux-gnu/bin/
LIBRARY_PATH=/opt/ls_2k0300_env/loongson-gnu-toolchain-8.3-x86_64-loongarch64-linux-gnu-rc1.6/bin/../lib/gcc/loongarch64-linux-gnu/8.3.0/:/opt/ls_2k0300_env/loongson-gnu-toolchain-8.3-x86_64-loongarch64-linux-gnu-rc1.6/bin/../lib/gcc/:/opt/ls_2k0300_env/loongson-gnu-toolchain-8.3-x86_64-loongarch64-linux-gnu-rc1.6/bin/../lib/gcc/loongarch64-linux-gnu/8.3.0/../../../../loongarch64-linux-gnu/lib/../lib64/:/opt/ls_2k0300_env/loongson-gnu-toolchain-8.3-x86_64-loongarch64-linux-gnu-rc1.6/bin/../loongarch64-linux-gnu/sysroot/lib/../lib64/:/opt/ls_2k0300_env/loongson-gnu-toolchain-8.3-x86_64-loongarch64-linux-gnu-rc1.6/bin/../loongarch64-linux-gnu/sysroot/usr/lib/../lib64/:/opt/ls_2k0300_env/loongson-gnu-toolchain-8.3-x86_64-loongarch64-linux-gnu-rc1.6/bin/../lib/gcc/loongarch64-linux-gnu/8.3.0/../../../../loongarch64-linux-gnu/lib/:/opt/ls_2k0300_env/loongson-gnu-toolchain-8.3-x86_64-loongarch64-linux-gnu-rc1.6/bin/../loongarch64-linux-gnu/sysroot/lib/:/opt/ls_2k0300_env/loongson-gnu-toolchain-8.3-x86_64-loongarch64-linux-gnu-rc1.6/bin/../loongarch64-linux-gnu/sysroot/usr/lib/
COLLECT_GCC_OPTIONS='-v' '-o' 'CMakeFiles/cmTC_cf0b4.dir/CMakeCCompilerABI.c.o' '-c' '-mabi=lp64d' '-march=loongarch64' '-mfpu=64' '-msimd=none' '-mcmodel=normal' '-mtune=loongarch64'
Linking C executable cmTC_cf0b4
/usr/bin/cmake -E cmake_link_script CMakeFiles/cmTC_cf0b4.dir/link.txt --verbose=1
/opt/ls_2k0300_env/loongson-gnu-toolchain-8.3-x86_64-loongarch64-linux-gnu-rc1.6/bin/loongarch64-linux-gnu-gcc  -v CMakeFiles/cmTC_cf0b4.dir/CMakeCCompilerABI.c.o -o cmTC_cf0b4 
Using built-in specs.
COLLECT_GCC=/opt/ls_2k0300_env/loongson-gnu-toolchain-8.3-x86_64-loongarch64-linux-gnu-rc1.6/bin/loongarch64-linux-gnu-gcc
COLLECT_LTO_WRAPPER=/opt/ls_2k0300_env/loongson-gnu-toolchain-8.3-x86_64-loongarch64-linux-gnu-rc1.6/bin/../libexec/gcc/loongarch64-linux-gnu/8.3.0/lto-wrapper
Target: loongarch64-linux-gnu
Configured with: ../src/gcc/configure --build=x86_64-linux-gnu --host=x86_64-linux-gnu --target=loongarch64-linux-gnu --prefix=/dev/shm/build-loongson-gnu-toolchain-8.3-x86_64-loongarch64-linux-gnu-rc1.6/prefix --with-pkgversion='LoongArch GNU toolchain rc1.6 (20241115)' --with-sysroot=/dev/shm/build-loongson-gnu-toolchain-8.3-x86_64-loongarch64-linux-gnu-rc1.6/prefix/loongarch64-linux-gnu/sysroot --with-native-system-header-dir=/usr/include --with-gxx-include-dir=/dev/shm/build-loongson-gnu-toolchain-8.3-x86_64-loongarch64-linux-gnu-rc1.6/prefix/loongarch64-linux-gnu/sysroot/usr/include/c++/8.3.0 --enable-languages=c,c++,fortran --enable-initfini-array --disable-bootstrap --disable-decimal-float --disable-linker-build-id --disable-multiarch --disable-libcc1 --disable-nls --disable-zlib --with-system-zlib --with-multilib-list=lp64d,lp64s
Thread model: posix
gcc version 8.3.0 (LoongArch GNU toolchain rc1.6 (20241115)) 
COMPILER_PATH=/opt/ls_2k0300_env/loongson-gnu-toolchain-8.3-x86_64-loongarch64-linux-gnu-rc1.6/bin/../libexec/gcc/loongarch64-linux-gnu/8.3.0/:/opt/ls_2k0300_env/loongson-gnu-toolchain-8.3-x86_64-loongarch64-linux-gnu-rc1.6/bin/../libexec/gcc/:/opt/ls_2k0300_env/loongson-gnu-toolchain-8.3-x86_64-loongarch64-linux-gnu-rc1.6/bin/../lib/gcc/loongarch64-linux-gnu/8.3.0/../../../../loongarch64-linux-gnu/bin/
LIBRARY_PATH=/opt/ls_2k0300_env/loongson-gnu-toolchain-8.3-x86_64-loongarch64-linux-gnu-rc1.6/bin/../lib/gcc/loongarch64-linux-gnu/8.3.0/:/opt/ls_2k0300_env/loongson-gnu-toolchain-8.3-x86_64-loongarch64-linux-gnu-rc1.6/bin/../lib/gcc/:/opt/ls_2k0300_env/loongson-gnu-toolchain-8.3-x86_64-loongarch64-linux-gnu-rc1.6/bin/../lib/gcc/loongarch64-linux-gnu/8.3.0/../../../../loongarch64-linux-gnu/lib/../lib64/:/opt/ls_2k0300_env/loongson-gnu-toolchain-8.3-x86_64-loongarch64-linux-gnu-rc1.6/bin/../loongarch64-linux-gnu/sysroot/lib/../lib64/:/opt/ls_2k0300_env/loongson-gnu-toolchain-8.3-x86_64-loongarch64-linux-gnu-rc1.6/bin/../loongarch64-linux-gnu/sysroot/usr/lib/../lib64/:/opt/ls_2k0300_env/loongson-gnu-toolchain-8.3-x86_64-loongarch64-linux-gnu-rc1.6/bin/../lib/gcc/loongarch64-linux-gnu/8.3.0/../../../../loongarch64-linux-gnu/lib/:/opt/ls_2k0300_env/loongson-gnu-toolchain-8.3-x86_64-loongarch64-linux-gnu-rc1.6/bin/../loongarch64-linux-gnu/sysroot/lib/:/opt/ls_2k0300_env/loongson-gnu-toolchain-8.3-x86_64-loongarch64-linux-gnu-rc1.6/bin/../loongarch64-linux-gnu/sysroot/usr/lib/
COLLECT_GCC_OPTIONS='-v' '-o' 'cmTC_cf0b4' '-mabi=lp64d' '-march=loongarch64' '-mfpu=64' '-msimd=none' '-mcmodel=normal' '-mtune=loongarch64'
 /opt/ls_2k0300_env/loongson-gnu-toolchain-8.3-x86_64-loongarch64-linux-gnu-rc1.6/bin/../libexec/gcc/loongarch64-linux-gnu/8.3.0/collect2 -plugin /opt/ls_2k0300_env/loongson-gnu-toolchain-8.3-x86_64-loongarch64-linux-gnu-rc1.6/bin/../libexec/gcc/loongarch64-linux-gnu/8.3.0/liblto_plugin.so -plugin-opt=/opt/ls_2k0300_env/loongson-gnu-toolchain-8.3-x86_64-loongarch64-linux-gnu-rc1.6/bin/../libexec/gcc/loongarch64-linux-gnu/8.3.0/lto-wrapper -plugin-opt=-fresolution=/tmp/ccXxTW4l.res -plugin-opt=-pass-through=-lgcc -plugin-opt=-pass-through=-lgcc_s -plugin-opt=-pass-through=-lc -plugin-opt=-pass-through=-lgcc -plugin-opt=-pass-through=-lgcc_s --sysroot=/opt/ls_2k0300_env/loongson-gnu-toolchain-8.3-x86_64-loongarch64-linux-gnu-rc1.6/bin/../loongarch64-linux-gnu/sysroot --eh-frame-hdr -m elf64loongarch -dynamic-linker /lib64/ld.so.1 -o cmTC_cf0b4 /opt/ls_2k0300_env/loongson-gnu-toolchain-8.3-x86_64-loongarch64-linux-gnu-rc1.6/bin/../loongarch64-linux-gnu/sysroot/lib/../lib64/crt1.o /opt/ls_2k0300_env/loongson-gnu-toolchain-8.3-x86_64-loongarch64-linux-gnu-rc1.6/bin/../loongarch64-linux-gnu/sysroot/lib/../lib64/crti.o /opt/ls_2k0300_env/loongson-gnu-toolchain-8.3-x86_64-loongarch64-linux-gnu-rc1.6/bin/../lib/gcc/loongarch64-linux-gnu/8.3.0/crtbegin.o -L/opt/ls_2k0300_env/loongson-gnu-toolchain-8.3-x86_64-loongarch64-linux-gnu-rc1.6/bin/../lib/gcc/loongarch64-linux-gnu/8.3.0 -L/opt/ls_2k0300_env/loongson-gnu-toolchain-8.3-x86_64-loongarch64-linux-gnu-rc1.6/bin/../lib/gcc -L/opt/ls_2k0300_env/loongson-gnu-toolchain-8.3-x86_64-loongarch64-linux-gnu-rc1.6/bin/../lib/gcc/loongarch64-linux-gnu/8.3.0/../../../../loongarch64-linux-gnu/lib/../lib64 -L/opt/ls_2k0300_env/loongson-gnu-toolchain-8.3-x86_64-loongarch64-linux-gnu-rc1.6/bin/../loongarch64-linux-gnu/sysroot/lib/../lib64 -L/opt/ls_2k0300_env/loongson-gnu-toolchain-8.3-x86_64-loongarch64-linux-gnu-rc1.6/bin/../loongarch64-linux-gnu/sysroot/usr/lib/../lib64 -L/opt/ls_2k0300_env/loongson-gnu-toolchain-8.3-x86_64-loongarch64-linux-gnu-rc1.6/bin/../lib/gcc/loongarch64-linux-gnu/8.3.0/../../../../loongarch64-linux-gnu/lib -L/opt/ls_2k0300_env/loongson-gnu-toolchain-8.3-x86_64-loongarch64-linux-gnu-rc1.6/bin/../loongarch64-linux-gnu/sysroot/lib -L/opt/ls_2k0300_env/loongson-gnu-toolchain-8.3-x86_64-loongarch64-linux-gnu-rc1.6/bin/../loongarch64-linux-gnu/sysroot/usr/lib CMakeFiles/cmTC_cf0b4.dir/CMakeCCompilerABI.c.o -lgcc --push-state --as-needed -lgcc_s --pop-state -lc -lgcc --push-state --as-needed -lgcc_s --pop-state /opt/ls_2k0300_env/loongson-gnu-toolchain-8.3-x86_64-loongarch64-linux-gnu-rc1.6/bin/../lib/gcc/loongarch64-linux-gnu/8.3.0/crtend.o /opt/ls_2k0300_env/loongson-gnu-toolchain-8.3-x86_64-loongarch64-linux-gnu-rc1.6/bin/../loongarch64-linux-gnu/sysroot/lib/../lib64/crtn.o
COLLECT_GCC_OPTIONS='-v' '-o' 'cmTC_cf0b4' '-mabi=lp64d' '-march=loongarch64' '-mfpu=64' '-msimd=none' '-mcmodel=normal' '-mtune=loongarch64'
gmake[1]: Leaving directory '/home/lq/LS2K0300_Library/LS2K300_Library/Example/Motherboard_Demo/E2_encoder/E02_02_encoder_quad_demo/out/CMakeFiles/CMakeTmp'



Parsed C implicit include dir info from above output: rv=done
  found start of include info
  found start of implicit include info
    add: [/opt/ls_2k0300_env/loongson-gnu-toolchain-8.3-x86_64-loongarch64-linux-gnu-rc1.6/lib/gcc/loongarch64-linux-gnu/8.3.0/include]
    add: [/opt/ls_2k0300_env/loongson-gnu-toolchain-8.3-x86_64-loongarch64-linux-gnu-rc1.6/lib/gcc/loongarch64-linux-gnu/8.3.0/include-fixed]
    add: [/opt/ls_2k0300_env/loongson-gnu-toolchain-8.3-x86_64-loongarch64-linux-gnu-rc1.6/loongarch64-linux-gnu/sysroot/usr/include]
  end of search list found
  collapse include dir [/opt/ls_2k0300_env/loongson-gnu-toolchain-8.3-x86_64-loongarch64-linux-gnu-rc1.6/lib/gcc/loongarch64-linux-gnu/8.3.0/include] ==> [/opt/ls_2k0300_env/loongson-gnu-toolchain-8.3-x86_64-loongarch64-linux-gnu-rc1.6/lib/gcc/loongarch64-linux-gnu/8.3.0/include]
  collapse include dir [/opt/ls_2k0300_env/loongson-gnu-toolchain-8.3-x86_64-loongarch64-linux-gnu-rc1.6/lib/gcc/loongarch64-linux-gnu/8.3.0/include-fixed] ==> [/opt/ls_2k0300_env/loongson-gnu-toolchain-8.3-x86_64-loongarch64-linux-gnu-rc1.6/lib/gcc/loongarch64-linux-gnu/8.3.0/include-fixed]
  collapse include dir [/opt/ls_2k0300_env/loongson-gnu-toolchain-8.3-x86_64-loongarch64-linux-gnu-rc1.6/loongarch64-linux-gnu/sysroot/usr/include] ==> [/opt/ls_2k0300_env/loongson-gnu-toolchain-8.3-x86_64-loongarch64-linux-gnu-rc1.6/loongarch64-linux-gnu/sysroot/usr/include]
  implicit include dirs: [/opt/ls_2k0300_env/loongson-gnu-toolchain-8.3-x86_64-loongarch64-linux-gnu-rc1.6/lib/gcc/loongarch64-linux-gnu/8.3.0/include;/opt/ls_2k0300_env/loongson-gnu-toolchain-8.3-x86_64-loongarch64-linux-gnu-rc1.6/lib/gcc/loongarch64-linux-gnu/8.3.0/include-fixed;/opt/ls_2k0300_env/loongson-gnu-toolchain-8.3-x86_64-loongarch64-linux-gnu-rc1.6/loongarch64-linux-gnu/sysroot/usr/include]


Parsed C implicit link information from above output:
  link line regex: [^( *|.*[/\])(loongarch64-linux-gnu-ld|CMAKE_LINK_STARTFILE-NOTFOUND|([^/\]+-)?ld|collect2)[^/\]*( |$)]
  ignore line: [Change Dir: /home/lq/LS2K0300_Library/LS2K300_Library/Example/Motherboard_Demo/E2_encoder/E02_02_encoder_quad_demo/out/CMakeFiles/CMakeTmp]
  ignore line: []
  ignore line: [Run Build Command(s):/usr/bin/gmake -f Makefile cmTC_cf0b4/fast && /usr/bin/gmake  -f CMakeFiles/cmTC_cf0b4.dir/build.make CMakeFiles/cmTC_cf0b4.dir/build]
  ignore line: [gmake[1]: Entering directory '/home/lq/LS2K0300_Library/LS2K300_Library/Example/Motherboard_Demo/E2_encoder/E02_02_encoder_quad_demo/out/CMakeFiles/CMakeTmp']
  ignore line: [Building C object CMakeFiles/cmTC_cf0b4.dir/CMakeCCompilerABI.c.o]
  ignore line: [/opt/ls_2k0300_env/loongson-gnu-toolchain-8.3-x86_64-loongarch64-linux-gnu-rc1.6/bin/loongarch64-linux-gnu-gcc   -v -o CMakeFiles/cmTC_cf0b4.dir/CMakeCCompilerABI.c.o -c /usr/share/cmake-3.22/Modules/CMakeCCompilerABI.c]
  ignore line: [Using built-in specs.]
  ignore line: [COLLECT_GCC=/opt/ls_2k0300_env/loongson-gnu-toolchain-8.3-x86_64-loongarch64-linux-gnu-rc1.6/bin/loongarch64-linux-gnu-gcc]
  ignore line: [Target: loongarch64-linux-gnu]
  ignore line: [Configured with: ../src/gcc/configure --build=x86_64-linux-gnu --host=x86_64-linux-gnu --target=loongarch64-linux-gnu --prefix=/dev/shm/build-loongson-gnu-toolchain-8.3-x86_64-loongarch64-linux-gnu-rc1.6/prefix --with-pkgversion='LoongArch GNU toolchain rc1.6 (20241115)' --with-sysroot=/dev/shm/build-loongson-gnu-toolchain-8.3-x86_64-loongarch64-linux-gnu-rc1.6/prefix/loongarch64-linux-gnu/sysroot --with-native-system-header-dir=/usr/include --with-gxx-include-dir=/dev/shm/build-loongson-gnu-toolchain-8.3-x86_64-loongarch64-linux-gnu-rc1.6/prefix/loongarch64-linux-gnu/sysroot/usr/include/c++/8.3.0 --enable-languages=c c++ fortran --enable-initfini-array --disable-bootstrap --disable-decimal-float --disable-linker-build-id --disable-multiarch --disable-libcc1 --disable-nls --disable-zlib --with-system-zlib --with-multilib-list=lp64d lp64s]
  ignore line: [Thread model: posix]
  ignore line: [gcc version 8.3.0 (LoongArch GNU toolchain rc1.6 (20241115)) ]
  ignore line: [COLLECT_GCC_OPTIONS='-v' '-o' 'CMakeFiles/cmTC_cf0b4.dir/CMakeCCompilerABI.c.o' '-c' '-mabi=lp64d' '-march=loongarch64' '-mfpu=64' '-msimd=none' '-mcmodel=normal' '-mtune=loongarch64']
  ignore line: [ /opt/ls_2k0300_env/loongson-gnu-toolchain-8.3-x86_64-loongarch64-linux-gnu-rc1.6/bin/../libexec/gcc/loongarch64-linux-gnu/8.3.0/cc1 -quiet -v -imultilib . -iprefix /opt/ls_2k0300_env/loongson-gnu-toolchain-8.3-x86_64-loongarch64-linux-gnu-rc1.6/bin/../lib/gcc/loongarch64-linux-gnu/8.3.0/ -isysroot /opt/ls_2k0300_env/loongson-gnu-toolchain-8.3-x86_64-loongarch64-linux-gnu-rc1.6/bin/../loongarch64-linux-gnu/sysroot /usr/share/cmake-3.22/Modules/CMakeCCompilerABI.c -quiet -dumpbase CMakeCCompilerABI.c -mabi=lp64d -march=loongarch64 -mfpu=64 -msimd=none -mcmodel=normal -mtune=loongarch64 -auxbase-strip CMakeFiles/cmTC_cf0b4.dir/CMakeCCompilerABI.c.o -version -o /tmp/ccnFOnpX.s]
  ignore line: [GNU C17 (LoongArch GNU toolchain rc1.6 (20241115)) version 8.3.0 (loongarch64-linux-gnu)]
  ignore line: [	compiled by GNU C version 8.5.0  GMP version 6.1.0  MPFR version 3.1.4  MPC version 1.0.3  isl version isl-0.18-GMP]
  ignore line: []
  ignore line: [GGC heuristics: --param ggc-min-expand=100 --param ggc-min-heapsize=131072]
  ignore line: [ignoring nonexistent directory "/opt/ls_2k0300_env/loongson-gnu-toolchain-8.3-x86_64-loongarch64-linux-gnu-rc1.6/bin/../lib/gcc/loongarch64-linux-gnu/8.3.0/../../../../loongarch64-linux-gnu/include"]
  ignore line: [ignoring duplicate directory "/opt/ls_2k0300_env/loongson-gnu-toolchain-8.3-x86_64-loongarch64-linux-gnu-rc1.6/lib/gcc/loongarch64-linux-gnu/8.3.0/include"]
  ignore line: [ignoring nonexistent directory "/opt/ls_2k0300_env/loongson-gnu-toolchain-8.3-x86_64-loongarch64-linux-gnu-rc1.6/bin/../loongarch64-linux-gnu/sysroot/usr/local/include"]
  ignore line: [ignoring duplicate directory "/opt/ls_2k0300_env/loongson-gnu-toolchain-8.3-x86_64-loongarch64-linux-gnu-rc1.6/lib/gcc/loongarch64-linux-gnu/8.3.0/include-fixed"]
  ignore line: [ignoring nonexistent directory "/opt/ls_2k0300_env/loongson-gnu-toolchain-8.3-x86_64-loongarch64-linux-gnu-rc1.6/bin/../lib/gcc/../../lib/gcc/loongarch64-linux-gnu/8.3.0/../../../../loongarch64-linux-gnu/include"]
  ignore line: [#include "..." search starts here:]
  ignore line: [#include <...> search starts here:]
  ignore line: [ /opt/ls_2k0300_env/loongson-gnu-toolchain-8.3-x86_64-loongarch64-linux-gnu-rc1.6/lib/gcc/loongarch64-linux-gnu/8.3.0/include]
  ignore line: [ /opt/ls_2k0300_env/loongson-gnu-toolchain-8.3-x86_64-loongarch64-linux-gnu-rc1.6/lib/gcc/loongarch64-linux-gnu/8.3.0/include-fixed]
  ignore line: [ /opt/ls_2k0300_env/loongson-gnu-toolchain-8.3-x86_64-loongarch64-linux-gnu-rc1.6/loongarch64-linux-gnu/sysroot/usr/include]
  ignore line: [End of search list.]
  ignore line: [GNU C17 (LoongArch GNU toolchain rc1.6 (20241115)) version 8.3.0 (loongarch64-linux-gnu)]
  ignore line: [	compiled by GNU C version 8.5.0  GMP version 6.1.0  MPFR version 3.1.4  MPC version 1.0.3  isl version isl-0.18-GMP]
  ignore line: []
  ignore line: [GGC heuristics: --param ggc-min-expand=100 --param ggc-min-heapsize=131072]
  ignore line: [Compiler executable checksum: e9195fca1b08cea7a12c2fefbe3ceb67]
  ignore line: [COLLECT_GCC_OPTIONS='-v' '-o' 'CMakeFiles/cmTC_cf0b4.dir/CMakeCCompilerABI.c.o' '-c' '-mabi=lp64d' '-march=loongarch64' '-mfpu=64' '-msimd=none' '-mcmodel=normal' '-mtune=loongarch64']
  ignore line: [ /opt/ls_2k0300_env/loongson-gnu-toolchain-8.3-x86_64-loongarch64-linux-gnu-rc1.6/bin/../lib/gcc/loongarch64-linux-gnu/8.3.0/../../../../loongarch64-linux-gnu/bin/as -v -mabi=lp64 -o CMakeFiles/cmTC_cf0b4.dir/CMakeCCompilerABI.c.o /tmp/ccnFOnpX.s]
  ignore line: [GNU assembler version 2.31.1 (loongarch64-linux-gnu) using BFD version (LoongArch GNU toolchain rc1.6 20241115) 2.31.1.20190122]
  ignore line: [COMPILER_PATH=/opt/ls_2k0300_env/loongson-gnu-toolchain-8.3-x86_64-loongarch64-linux-gnu-rc1.6/bin/../libexec/gcc/loongarch64-linux-gnu/8.3.0/:/opt/ls_2k0300_env/loongson-gnu-toolchain-8.3-x86_64-loongarch64-linux-gnu-rc1.6/bin/../libexec/gcc/:/opt/ls_2k0300_env/loongson-gnu-toolchain-8.3-x86_64-loongarch64-linux-gnu-rc1.6/bin/../lib/gcc/loongarch64-linux-gnu/8.3.0/../../../../loongarch64-linux-gnu/bin/]
  ignore line: [LIBRARY_PATH=/opt/ls_2k0300_env/loongson-gnu-toolchain-8.3-x86_64-loongarch64-linux-gnu-rc1.6/bin/../lib/gcc/loongarch64-linux-gnu/8.3.0/:/opt/ls_2k0300_env/loongson-gnu-toolchain-8.3-x86_64-loongarch64-linux-gnu-rc1.6/bin/../lib/gcc/:/opt/ls_2k0300_env/loongson-gnu-toolchain-8.3-x86_64-loongarch64-linux-gnu-rc1.6/bin/../lib/gcc/loongarch64-linux-gnu/8.3.0/../../../../loongarch64-linux-gnu/lib/../lib64/:/opt/ls_2k0300_env/loongson-gnu-toolchain-8.3-x86_64-loongarch64-linux-gnu-rc1.6/bin/../loongarch64-linux-gnu/sysroot/lib/../lib64/:/opt/ls_2k0300_env/loongson-gnu-toolchain-8.3-x86_64-loongarch64-linux-gnu-rc1.6/bin/../loongarch64-linux-gnu/sysroot/usr/lib/../lib64/:/opt/ls_2k0300_env/loongson-gnu-toolchain-8.3-x86_64-loongarch64-linux-gnu-rc1.6/bin/../lib/gcc/loongarch64-linux-gnu/8.3.0/../../../../loongarch64-linux-gnu/lib/:/opt/ls_2k0300_env/loongson-gnu-toolchain-8.3-x86_64-loongarch64-linux-gnu-rc1.6/bin/../loongarch64-linux-gnu/sysroot/lib/:/opt/ls_2k0300_env/loongson-gnu-toolchain-8.3-x86_64-loongarch64-linux-gnu-rc1.6/bin/../loongarch64-linux-gnu/sysroot/usr/lib/]
  ignore line: [COLLECT_GCC_OPTIONS='-v' '-o' 'CMakeFiles/cmTC_cf0b4.dir/CMakeCCompilerABI.c.o' '-c' '-mabi=lp64d' '-march=loongarch64' '-mfpu=64' '-msimd=none' '-mcmodel=normal' '-mtune=loongarch64']
  ignore line: [Linking C executable cmTC_cf0b4]
  ignore line: [/usr/bin/cmake -E cmake_link_script CMakeFiles/cmTC_cf0b4.dir/link.txt --verbose=1]
  ignore line: [/opt/ls_2k0300_env/loongson-gnu-toolchain-8.3-x86_64-loongarch64-linux-gnu-rc1.6/bin/loongarch64-linux-gnu-gcc  -v CMakeFiles/cmTC_cf0b4.dir/CMakeCCompilerABI.c.o -o cmTC_cf0b4 ]
  ignore line: [Using built-in specs.]
  ignore line: [COLLECT_GCC=/opt/ls_2k0300_env/loongson-gnu-toolchain-8.3-x86_64-loongarch64-linux-gnu-rc1.6/bin/loongarch64-linux-gnu-gcc]
  ignore line: [COLLECT_LTO_WRAPPER=/opt/ls_2k0300_env/loongson-gnu-toolchain-8.3-x86_64-loongarch64-linux-gnu-rc1.6/bin/../libexec/gcc/loongarch64-linux-gnu/8.3.0/lto-wrapper]
  ignore line: [Target: loongarch64-linux-gnu]
  ignore line: [Configured with: ../src/gcc/configure --build=x86_64-linux-gnu --host=x86_64-linux-gnu --target=loongarch64-linux-gnu --prefix=/dev/shm/build-loongson-gnu-toolchain-8.3-x86_64-loongarch64-linux-gnu-rc1.6/prefix --with-pkgversion='LoongArch GNU toolchain rc1.6 (20241115)' --with-sysroot=/dev/shm/build-loongson-gnu-toolchain-8.3-x86_64-loongarch64-linux-gnu-rc1.6/prefix/loongarch64-linux-gnu/sysroot --with-native-system-header-dir=/usr/include --with-gxx-include-dir=/dev/shm/build-loongson-gnu-toolchain-8.3-x86_64-loongarch64-linux-gnu-rc1.6/prefix/loongarch64-linux-gnu/sysroot/usr/include/c++/8.3.0 --enable-languages=c c++ fortran --enable-initfini-array --disable-bootstrap --disable-decimal-float --disable-linker-build-id --disable-multiarch --disable-libcc1 --disable-nls --disable-zlib --with-system-zlib --with-multilib-list=lp64d lp64s]
  ignore line: [Thread model: posix]
  ignore line: [gcc version 8.3.0 (LoongArch GNU toolchain rc1.6 (20241115)) ]
  ignore line: [COMPILER_PATH=/opt/ls_2k0300_env/loongson-gnu-toolchain-8.3-x86_64-loongarch64-linux-gnu-rc1.6/bin/../libexec/gcc/loongarch64-linux-gnu/8.3.0/:/opt/ls_2k0300_env/loongson-gnu-toolchain-8.3-x86_64-loongarch64-linux-gnu-rc1.6/bin/../libexec/gcc/:/opt/ls_2k0300_env/loongson-gnu-toolchain-8.3-x86_64-loongarch64-linux-gnu-rc1.6/bin/../lib/gcc/loongarch64-linux-gnu/8.3.0/../../../../loongarch64-linux-gnu/bin/]
  ignore line: [LIBRARY_PATH=/opt/ls_2k0300_env/loongson-gnu-toolchain-8.3-x86_64-loongarch64-linux-gnu-rc1.6/bin/../lib/gcc/loongarch64-linux-gnu/8.3.0/:/opt/ls_2k0300_env/loongson-gnu-toolchain-8.3-x86_64-loongarch64-linux-gnu-rc1.6/bin/../lib/gcc/:/opt/ls_2k0300_env/loongson-gnu-toolchain-8.3-x86_64-loongarch64-linux-gnu-rc1.6/bin/../lib/gcc/loongarch64-linux-gnu/8.3.0/../../../../loongarch64-linux-gnu/lib/../lib64/:/opt/ls_2k0300_env/loongson-gnu-toolchain-8.3-x86_64-loongarch64-linux-gnu-rc1.6/bin/../loongarch64-linux-gnu/sysroot/lib/../lib64/:/opt/ls_2k0300_env/loongson-gnu-toolchain-8.3-x86_64-loongarch64-linux-gnu-rc1.6/bin/../loongarch64-linux-gnu/sysroot/usr/lib/../lib64/:/opt/ls_2k0300_env/loongson-gnu-toolchain-8.3-x86_64-loongarch64-linux-gnu-rc1.6/bin/../lib/gcc/loongarch64-linux-gnu/8.3.0/../../../../loongarch64-linux-gnu/lib/:/opt/ls_2k0300_env/loongson-gnu-toolchain-8.3-x86_64-loongarch64-linux-gnu-rc1.6/bin/../loongarch64-linux-gnu/sysroot/lib/:/opt/ls_2k0300_env/loongson-gnu-toolchain-8.3-x86_64-loongarch64-linux-gnu-rc1.6/bin/../loongarch64-linux-gnu/sysroot/usr/lib/]
  ignore line: [COLLECT_GCC_OPTIONS='-v' '-o' 'cmTC_cf0b4' '-mabi=lp64d' '-march=loongarch64' '-mfpu=64' '-msimd=none' '-mcmodel=normal' '-mtune=loongarch64']
  link line: [ /opt/ls_2k0300_env/loongson-gnu-toolchain-8.3-x86_64-loongarch64-linux-gnu-rc1.6/bin/../libexec/gcc/loongarch64-linux-gnu/8.3.0/collect2 -plugin /opt/ls_2k0300_env/loongson-gnu-toolchain-8.3-x86_64-loongarch64-linux-gnu-rc1.6/bin/../libexec/gcc/loongarch64-linux-gnu/8.3.0/liblto_plugin.so -plugin-opt=/opt/ls_2k0300_env/loongson-gnu-toolchain-8.3-x86_64-loongarch64-linux-gnu-rc1.6/bin/../libexec/gcc/loongarch64-linux-gnu/8.3.0/lto-wrapper -plugin-opt=-fresolution=/tmp/ccXxTW4l.res -plugin-opt=-pass-through=-lgcc -plugin-opt=-pass-through=-lgcc_s -plugin-opt=-pass-through=-lc -plugin-opt=-pass-through=-lgcc -plugin-opt=-pass-through=-lgcc_s --sysroot=/opt/ls_2k0300_env/loongson-gnu-toolchain-8.3-x86_64-loongarch64-linux-gnu-rc1.6/bin/../loongarch64-linux-gnu/sysroot --eh-frame-hdr -m elf64loongarch -dynamic-linker /lib64/ld.so.1 -o cmTC_cf0b4 /opt/ls_2k0300_env/loongson-gnu-toolchain-8.3-x86_64-loongarch64-linux-gnu-rc1.6/bin/../loongarch64-linux-gnu/sysroot/lib/../lib64/crt1.o /opt/ls_2k0300_env/loongson-gnu-toolchain-8.3-x86_64-loongarch64-linux-gnu-rc1.6/bin/../loongarch64-linux-gnu/sysroot/lib/../lib64/crti.o /opt/ls_2k0300_env/loongson-gnu-toolchain-8.3-x86_64-loongarch64-linux-gnu-rc1.6/bin/../lib/gcc/loongarch64-linux-gnu/8.3.0/crtbegin.o -L/opt/ls_2k0300_env/loongson-gnu-toolchain-8.3-x86_64-loongarch64-linux-gnu-rc1.6/bin/../lib/gcc/loongarch64-linux-gnu/8.3.0 -L/opt/ls_2k0300_env/loongson-gnu-toolchain-8.3-x86_64-loongarch64-linux-gnu-rc1.6/bin/../lib/gcc -L/opt/ls_2k0300_env/loongson-gnu-toolchain-8.3-x86_64-loongarch64-linux-gnu-rc1.6/bin/../lib/gcc/loongarch64-linux-gnu/8.3.0/../../../../loongarch64-linux-gnu/lib/../lib64 -L/opt/ls_2k0300_env/loongson-gnu-toolchain-8.3-x86_64-loongarch64-linux-gnu-rc1.6/bin/../loongarch64-linux-gnu/sysroot/lib/../lib64 -L/opt/ls_2k0300_env/loongson-gnu-toolchain-8.3-x86_64-loongarch64-linux-gnu-rc1.6/bin/../loongarch64-linux-gnu/sysroot/usr/lib/../lib64 -L/opt/ls_2k0300_env/loongson-gnu-toolchain-8.3-x86_64-loongarch64-linux-gnu-rc1.6/bin/../lib/gcc/loongarch64-linux-gnu/8.3.0/../../../../loongarch64-linux-gnu/lib -L/opt/ls_2k0300_env/loongson-gnu-toolchain-8.3-x86_64-loongarch64-linux-gnu-rc1.6/bin/../loongarch64-linux-gnu/sysroot/lib -L/opt/ls_2k0300_env/loongson-gnu-toolchain-8.3-x86_64-loongarch64-linux-gnu-rc1.6/bin/../loongarch64-linux-gnu/sysroot/usr/lib CMakeFiles/cmTC_cf0b4.dir/CMakeCCompilerABI.c.o -lgcc --push-state --as-needed -lgcc_s --pop-state -lc -lgcc --push-state --as-needed -lgcc_s --pop-state /opt/ls_2k0300_env/loongson-gnu-toolchain-8.3-x86_64-loongarch64-linux-gnu-rc1.6/bin/../lib/gcc/loongarch64-linux-gnu/8.3.0/crtend.o /opt/ls_2k0300_env/loongson-gnu-toolchain-8.3-x86_64-loongarch64-linux-gnu-rc1.6/bin/../loongarch64-linux-gnu/sysroot/lib/../lib64/crtn.o]
    arg [/opt/ls_2k0300_env/loongson-gnu-toolchain-8.3-x86_64-loongarch64-linux-gnu-rc1.6/bin/../libexec/gcc/loongarch64-linux-gnu/8.3.0/collect2] ==> ignore
    arg [-plugin] ==> ignore
    arg [/opt/ls_2k0300_env/loongson-gnu-toolchain-8.3-x86_64-loongarch64-linux-gnu-rc1.6/bin/../libexec/gcc/loongarch64-linux-gnu/8.3.0/liblto_plugin.so] ==> ignore
    arg [-plugin-opt=/opt/ls_2k0300_env/loongson-gnu-toolchain-8.3-x86_64-loongarch64-linux-gnu-rc1.6/bin/../libexec/gcc/loongarch64-linux-gnu/8.3.0/lto-wrapper] ==> ignore
    arg [-plugin-opt=-fresolution=/tmp/ccXxTW4l.res] ==> ignore
    arg [-plugin-opt=-pass-through=-lgcc] ==> ignore
    arg [-plugin-opt=-pass-through=-lgcc_s] ==> ignore
    arg [-plugin-opt=-pass-through=-lc] ==> ignore
    arg [-plugin-opt=-pass-through=-lgcc] ==> ignore
    arg [-plugin-opt=-pass-through=-lgcc_s] ==> ignore
    arg [--sysroot=/opt/ls_2k0300_env/loongson-gnu-toolchain-8.3-x86_64-loongarch64-linux-gnu-rc1.6/bin/../loongarch64-linux-gnu/sysroot] ==> ignore
    arg [--eh-frame-hdr] ==> ignore
    arg [-m] ==> ignore
    arg [elf64loongarch] ==> ignore
    arg [-dynamic-linker] ==> ignore
    arg [/lib64/ld.so.1] ==> ignore
    arg [-o] ==> ignore
    arg [cmTC_cf0b4] ==> ignore
    arg [/opt/ls_2k0300_env/loongson-gnu-toolchain-8.3-x86_64-loongarch64-linux-gnu-rc1.6/bin/../loongarch64-linux-gnu/sysroot/lib/../lib64/crt1.o] ==> obj [/opt/ls_2k0300_env/loongson-gnu-toolchain-8.3-x86_64-loongarch64-linux-gnu-rc1.6/bin/../loongarch64-linux-gnu/sysroot/lib/../lib64/crt1.o]
    arg [/opt/ls_2k0300_env/loongson-gnu-toolchain-8.3-x86_64-loongarch64-linux-gnu-rc1.6/bin/../loongarch64-linux-gnu/sysroot/lib/../lib64/crti.o] ==> obj [/opt/ls_2k0300_env/loongson-gnu-toolchain-8.3-x86_64-loongarch64-linux-gnu-rc1.6/bin/../loongarch64-linux-gnu/sysroot/lib/../lib64/crti.o]
    arg [/opt/ls_2k0300_env/loongson-gnu-toolchain-8.3-x86_64-loongarch64-linux-gnu-rc1.6/bin/../lib/gcc/loongarch64-linux-gnu/8.3.0/crtbegin.o] ==> obj [/opt/ls_2k0300_env/loongson-gnu-toolchain-8.3-x86_64-loongarch64-linux-gnu-rc1.6/bin/../lib/gcc/loongarch64-linux-gnu/8.3.0/crtbegin.o]
    arg [-L/opt/ls_2k0300_env/loongson-gnu-toolchain-8.3-x86_64-loongarch64-linux-gnu-rc1.6/bin/../lib/gcc/loongarch64-linux-gnu/8.3.0] ==> dir [/opt/ls_2k0300_env/loongson-gnu-toolchain-8.3-x86_64-loongarch64-linux-gnu-rc1.6/bin/../lib/gcc/loongarch64-linux-gnu/8.3.0]
    arg [-L/opt/ls_2k0300_env/loongson-gnu-toolchain-8.3-x86_64-loongarch64-linux-gnu-rc1.6/bin/../lib/gcc] ==> dir [/opt/ls_2k0300_env/loongson-gnu-toolchain-8.3-x86_64-loongarch64-linux-gnu-rc1.6/bin/../lib/gcc]
    arg [-L/opt/ls_2k0300_env/loongson-gnu-toolchain-8.3-x86_64-loongarch64-linux-gnu-rc1.6/bin/../lib/gcc/loongarch64-linux-gnu/8.3.0/../../../../loongarch64-linux-gnu/lib/../lib64] ==> dir [/opt/ls_2k0300_env/loongson-gnu-toolchain-8.3-x86_64-loongarch64-linux-gnu-rc1.6/bin/../lib/gcc/loongarch64-linux-gnu/8.3.0/../../../../loongarch64-linux-gnu/lib/../lib64]
    arg [-L/opt/ls_2k0300_env/loongson-gnu-toolchain-8.3-x86_64-loongarch64-linux-gnu-rc1.6/bin/../loongarch64-linux-gnu/sysroot/lib/../lib64] ==> dir [/opt/ls_2k0300_env/loongson-gnu-toolchain-8.3-x86_64-loongarch64-linux-gnu-rc1.6/bin/../loongarch64-linux-gnu/sysroot/lib/../lib64]
    arg [-L/opt/ls_2k0300_env/loongson-gnu-toolchain-8.3-x86_64-loongarch64-linux-gnu-rc1.6/bin/../loongarch64-linux-gnu/sysroot/usr/lib/../lib64] ==> dir [/opt/ls_2k0300_env/loongson-gnu-toolchain-8.3-x86_64-loongarch64-linux-gnu-rc1.6/bin/../loongarch64-linux-gnu/sysroot/usr/lib/../lib64]
    arg [-L/opt/ls_2k0300_env/loongson-gnu-toolchain-8.3-x86_64-loongarch64-linux-gnu-rc1.6/bin/../lib/gcc/loongarch64-linux-gnu/8.3.0/../../../../loongarch64-linux-gnu/lib] ==> dir [/opt/ls_2k0300_env/loongson-gnu-toolchain-8.3-x86_64-loongarch64-linux-gnu-rc1.6/bin/../lib/gcc/loongarch64-linux-gnu/8.3.0/../../../../loongarch64-linux-gnu/lib]
    arg [-L/opt/ls_2k0300_env/loongson-gnu-toolchain-8.3-x86_64-loongarch64-linux-gnu-rc1.6/bin/../loongarch64-linux-gnu/sysroot/lib] ==> dir [/opt/ls_2k0300_env/loongson-gnu-toolchain-8.3-x86_64-loongarch64-linux-gnu-rc1.6/bin/../loongarch64-linux-gnu/sysroot/lib]
    arg [-L/opt/ls_2k0300_env/loongson-gnu-toolchain-8.3-x86_64-loongarch64-linux-gnu-rc1.6/bin/../loongarch64-linux-gnu/sysroot/usr/lib] ==> dir [/opt/ls_2k0300_env/loongson-gnu-toolchain-8.3-x86_64-loongarch64-linux-gnu-rc1.6/bin/../loongarch64-linux-gnu/sysroot/usr/lib]
    arg [CMakeFiles/cmTC_cf0b4.dir/CMakeCCompilerABI.c.o] ==> ignore
    arg [-lgcc] ==> lib [gcc]
    arg [--push-state] ==> ignore
    arg [--as-needed] ==> ignore
    arg [-lgcc_s] ==> lib [gcc_s]
    arg [--pop-state] ==> ignore
    arg [-lc] ==> lib [c]
    arg [-lgcc] ==> lib [gcc]
    arg [--push-state] ==> ignore
    arg [--as-needed] ==> ignore
    arg [-lgcc_s] ==> lib [gcc_s]
    arg [--pop-state] ==> ignore
    arg [/opt/ls_2k0300_env/loongson-gnu-toolchain-8.3-x86_64-loongarch64-linux-gnu-rc1.6/bin/../lib/gcc/loongarch64-linux-gnu/8.3.0/crtend.o] ==> obj [/opt/ls_2k0300_env/loongson-gnu-toolchain-8.3-x86_64-loongarch64-linux-gnu-rc1.6/bin/../lib/gcc/loongarch64-linux-gnu/8.3.0/crtend.o]
    arg [/opt/ls_2k0300_env/loongson-gnu-toolchain-8.3-x86_64-loongarch64-linux-gnu-rc1.6/bin/../loongarch64-linux-gnu/sysroot/lib/../lib64/crtn.o] ==> obj [/opt/ls_2k0300_env/loongson-gnu-toolchain-8.3-x86_64-loongarch64-linux-gnu-rc1.6/bin/../loongarch64-linux-gnu/sysroot/lib/../lib64/crtn.o]
  collapse obj [/opt/ls_2k0300_env/loongson-gnu-toolchain-8.3-x86_64-loongarch64-linux-gnu-rc1.6/bin/../loongarch64-linux-gnu/sysroot/lib/../lib64/crt1.o] ==> [/opt/ls_2k0300_env/loongson-gnu-toolchain-8.3-x86_64-loongarch64-linux-gnu-rc1.6/loongarch64-linux-gnu/sysroot/lib64/crt1.o]
  collapse obj [/opt/ls_2k0300_env/loongson-gnu-toolchain-8.3-x86_64-loongarch64-linux-gnu-rc1.6/bin/../loongarch64-linux-gnu/sysroot/lib/../lib64/crti.o] ==> [/opt/ls_2k0300_env/loongson-gnu-toolchain-8.3-x86_64-loongarch64-linux-gnu-rc1.6/loongarch64-linux-gnu/sysroot/lib64/crti.o]
  collapse obj [/opt/ls_2k0300_env/loongson-gnu-toolchain-8.3-x86_64-loongarch64-linux-gnu-rc1.6/bin/../lib/gcc/loongarch64-linux-gnu/8.3.0/crtbegin.o] ==> [/opt/ls_2k0300_env/loongson-gnu-toolchain-8.3-x86_64-loongarch64-linux-gnu-rc1.6/lib/gcc/loongarch64-linux-gnu/8.3.0/crtbegin.o]
  collapse obj [/opt/ls_2k0300_env/loongson-gnu-toolchain-8.3-x86_64-loongarch64-linux-gnu-rc1.6/bin/../lib/gcc/loongarch64-linux-gnu/8.3.0/crtend.o] ==> [/opt/ls_2k0300_env/loongson-gnu-toolchain-8.3-x86_64-loongarch64-linux-gnu-rc1.6/lib/gcc/loongarch64-linux-gnu/8.3.0/crtend.o]
  collapse obj [/opt/ls_2k0300_env/loongson-gnu-toolchain-8.3-x86_64-loongarch64-linux-gnu-rc1.6/bin/../loongarch64-linux-gnu/sysroot/lib/../lib64/crtn.o] ==> [/opt/ls_2k0300_env/loongson-gnu-toolchain-8.3-x86_64-loongarch64-linux-gnu-rc1.6/loongarch64-linux-gnu/sysroot/lib64/crtn.o]
  collapse library dir [/opt/ls_2k0300_env/loongson-gnu-toolchain-8.3-x86_64-loongarch64-linux-gnu-rc1.6/bin/../lib/gcc/loongarch64-linux-gnu/8.3.0] ==> [/opt/ls_2k0300_env/loongson-gnu-toolchain-8.3-x86_64-loongarch64-linux-gnu-rc1.6/lib/gcc/loongarch64-linux-gnu/8.3.0]
  collapse library dir [/opt/ls_2k0300_env/loongson-gnu-toolchain-8.3-x86_64-loongarch64-linux-gnu-rc1.6/bin/../lib/gcc] ==> [/opt/ls_2k0300_env/loongson-gnu-toolchain-8.3-x86_64-loongarch64-linux-gnu-rc1.6/lib/gcc]
  collapse library dir [/opt/ls_2k0300_env/loongson-gnu-toolchain-8.3-x86_64-loongarch64-linux-gnu-rc1.6/bin/../lib/gcc/loongarch64-linux-gnu/8.3.0/../../../../loongarch64-linux-gnu/lib/../lib64] ==> [/opt/ls_2k0300_env/loongson-gnu-toolchain-8.3-x86_64-loongarch64-linux-gnu-rc1.6/loongarch64-linux-gnu/lib64]
  collapse library dir [/opt/ls_2k0300_env/loongson-gnu-toolchain-8.3-x86_64-loongarch64-linux-gnu-rc1.6/bin/../loongarch64-linux-gnu/sysroot/lib/../lib64] ==> [/opt/ls_2k0300_env/loongson-gnu-toolchain-8.3-x86_64-loongarch64-linux-gnu-rc1.6/loongarch64-linux-gnu/sysroot/lib64]
  collapse library dir [/opt/ls_2k0300_env/loongson-gnu-toolchain-8.3-x86_64-loongarch64-linux-gnu-rc1.6/bin/../loongarch64-linux-gnu/sysroot/usr/lib/../lib64] ==> [/opt/ls_2k0300_env/loongson-gnu-toolchain-8.3-x86_64-loongarch64-linux-gnu-rc1.6/loongarch64-linux-gnu/sysroot/usr/lib64]
  collapse library dir [/opt/ls_2k0300_env/loongson-gnu-toolchain-8.3-x86_64-loongarch64-linux-gnu-rc1.6/bin/../lib/gcc/loongarch64-linux-gnu/8.3.0/../../../../loongarch64-linux-gnu/lib] ==> [/opt/ls_2k0300_env/loongson-gnu-toolchain-8.3-x86_64-loongarch64-linux-gnu-rc1.6/loongarch64-linux-gnu/lib]
  collapse library dir [/opt/ls_2k0300_env/loongson-gnu-toolchain-8.3-x86_64-loongarch64-linux-gnu-rc1.6/bin/../loongarch64-linux-gnu/sysroot/lib] ==> [/opt/ls_2k0300_env/loongson-gnu-toolchain-8.3-x86_64-loongarch64-linux-gnu-rc1.6/loongarch64-linux-gnu/sysroot/lib]
  collapse library dir [/opt/ls_2k0300_env/loongson-gnu-toolchain-8.3-x86_64-loongarch64-linux-gnu-rc1.6/bin/../loongarch64-linux-gnu/sysroot/usr/lib] ==> [/opt/ls_2k0300_env/loongson-gnu-toolchain-8.3-x86_64-loongarch64-linux-gnu-rc1.6/loongarch64-linux-gnu/sysroot/usr/lib]
  implicit libs: [gcc;gcc_s;c;gcc;gcc_s]
  implicit objs: [/opt/ls_2k0300_env/loongson-gnu-toolchain-8.3-x86_64-loongarch64-linux-gnu-rc1.6/loongarch64-linux-gnu/sysroot/lib64/crt1.o;/opt/ls_2k0300_env/loongson-gnu-toolchain-8.3-x86_64-loongarch64-linux-gnu-rc1.6/loongarch64-linux-gnu/sysroot/lib64/crti.o;/opt/ls_2k0300_env/loongson-gnu-toolchain-8.3-x86_64-loongarch64-linux-gnu-rc1.6/lib/gcc/loongarch64-linux-gnu/8.3.0/crtbegin.o;/opt/ls_2k0300_env/loongson-gnu-toolchain-8.3-x86_64-loongarch64-linux-gnu-rc1.6/lib/gcc/loongarch64-linux-gnu/8.3.0/crtend.o;/opt/ls_2k0300_env/loongson-gnu-toolchain-8.3-x86_64-loongarch64-linux-gnu-rc1.6/loongarch64-linux-gnu/sysroot/lib64/crtn.o]
  implicit dirs: [/opt/ls_2k0300_env/loongson-gnu-toolchain-8.3-x86_64-loongarch64-linux-gnu-rc1.6/lib/gcc/loongarch64-linux-gnu/8.3.0;/opt/ls_2k0300_env/loongson-gnu-toolchain-8.3-x86_64-loongarch64-linux-gnu-rc1.6/lib/gcc;/opt/ls_2k0300_env/loongson-gnu-toolchain-8.3-x86_64-loongarch64-linux-gnu-rc1.6/loongarch64-linux-gnu/lib64;/opt/ls_2k0300_env/loongson-gnu-toolchain-8.3-x86_64-loongarch64-linux-gnu-rc1.6/loongarch64-linux-gnu/sysroot/lib64;/opt/ls_2k0300_env/loongson-gnu-toolchain-8.3-x86_64-loongarch64-linux-gnu-rc1.6/loongarch64-linux-gnu/sysroot/usr/lib64;/opt/ls_2k0300_env/loongson-gnu-toolchain-8.3-x86_64-loongarch64-linux-gnu-rc1.6/loongarch64-linux-gnu/lib;/opt/ls_2k0300_env/loongson-gnu-toolchain-8.3-x86_64-loongarch64-linux-gnu-rc1.6/loongarch64-linux-gnu/sysroot/lib;/opt/ls_2k0300_env/loongson-gnu-toolchain-8.3-x86_64-loongarch64-linux-gnu-rc1.6/loongarch64-linux-gnu/sysroot/usr/lib]
  implicit fwks: []


Detecting CXX compiler ABI info compiled with the following output:
Change Dir: /home/lq/LS2K0300_Library/LS2K300_Library/Example/Motherboard_Demo/E2_encoder/E02_02_encoder_quad_demo/out/CMakeFiles/CMakeTmp

Run Build Command(s):/usr/bin/gmake -f Makefile cmTC_7ccfc/fast && /usr/bin/gmake  -f CMakeFiles/cmTC_7ccfc.dir/build.make CMakeFiles/cmTC_7ccfc.dir/build
gmake[1]: Entering directory '/home/lq/LS2K0300_Library/LS2K300_Library/Example/Motherboard_Demo/E2_encoder/E02_02_encoder_quad_demo/out/CMakeFiles/CMakeTmp'
Building CXX object CMakeFiles/cmTC_7ccfc.dir/CMakeCXXCompilerABI.cpp.o
/opt/ls_2k0300_env/loongson-gnu-toolchain-8.3-x86_64-loongarch64-linux-gnu-rc1.6/bin/loongarch64-linux-gnu-g++   -v -o CMakeFiles/cmTC_7ccfc.dir/CMakeCXXCompilerABI.cpp.o -c /usr/share/cmake-3.22/Modules/CMakeCXXCompilerABI.cpp
Using built-in specs.
COLLECT_GCC=/opt/ls_2k0300_env/loongson-gnu-toolchain-8.3-x86_64-loongarch64-linux-gnu-rc1.6/bin/loongarch64-linux-gnu-g++
Target: loongarch64-linux-gnu
Configured with: ../src/gcc/configure --build=x86_64-linux-gnu --host=x86_64-linux-gnu --target=loongarch64-linux-gnu --prefix=/dev/shm/build-loongson-gnu-toolchain-8.3-x86_64-loongarch64-linux-gnu-rc1.6/prefix --with-pkgversion='LoongArch GNU toolchain rc1.6 (20241115)' --with-sysroot=/dev/shm/build-loongson-gnu-toolchain-8.3-x86_64-loongarch64-linux-gnu-rc1.6/prefix/loongarch64-linux-gnu/sysroot --with-native-system-header-dir=/usr/include --with-gxx-include-dir=/dev/shm/build-loongson-gnu-toolchain-8.3-x86_64-loongarch64-linux-gnu-rc1.6/prefix/loongarch64-linux-gnu/sysroot/usr/include/c++/8.3.0 --enable-languages=c,c++,fortran --enable-initfini-array --disable-bootstrap --disable-decimal-float --disable-linker-build-id --disable-multiarch --disable-libcc1 --disable-nls --disable-zlib --with-system-zlib --with-multilib-list=lp64d,lp64s
Thread model: posix
gcc version 8.3.0 (LoongArch GNU toolchain rc1.6 (20241115)) 
COLLECT_GCC_OPTIONS='-v' '-o' 'CMakeFiles/cmTC_7ccfc.dir/CMakeCXXCompilerABI.cpp.o' '-c' '-shared-libgcc' '-mabi=lp64d' '-march=loongarch64' '-mfpu=64' '-msimd=none' '-mcmodel=normal' '-mtune=loongarch64'
 /opt/ls_2k0300_env/loongson-gnu-toolchain-8.3-x86_64-loongarch64-linux-gnu-rc1.6/bin/../libexec/gcc/loongarch64-linux-gnu/8.3.0/cc1plus -quiet -v -imultilib . -iprefix /opt/ls_2k0300_env/loongson-gnu-toolchain-8.3-x86_64-loongarch64-linux-gnu-rc1.6/bin/../lib/gcc/loongarch64-linux-gnu/8.3.0/ -isysroot /opt/ls_2k0300_env/loongson-gnu-toolchain-8.3-x86_64-loongarch64-linux-gnu-rc1.6/bin/../loongarch64-linux-gnu/sysroot -D_GNU_SOURCE /usr/share/cmake-3.22/Modules/CMakeCXXCompilerABI.cpp -quiet -dumpbase CMakeCXXCompilerABI.cpp -mabi=lp64d -march=loongarch64 -mfpu=64 -msimd=none -mcmodel=normal -mtune=loongarch64 -auxbase-strip CMakeFiles/cmTC_7ccfc.dir/CMakeCXXCompilerABI.cpp.o -version -o /tmp/ccdQavTV.s
GNU C++14 (LoongArch GNU toolchain rc1.6 (20241115)) version 8.3.0 (loongarch64-linux-gnu)
	compiled by GNU C version 8.5.0, GMP version 6.1.0, MPFR version 3.1.4, MPC version 1.0.3, isl version isl-0.18-GMP

GGC heuristics: --param ggc-min-expand=100 --param ggc-min-heapsize=131072
ignoring nonexistent directory "/opt/ls_2k0300_env/loongson-gnu-toolchain-8.3-x86_64-loongarch64-linux-gnu-rc1.6/bin/../lib/gcc/loongarch64-linux-gnu/8.3.0/../../../../loongarch64-linux-gnu/include"
ignoring nonexistent directory "/opt/ls_2k0300_env/loongson-gnu-toolchain-8.3-x86_64-loongarch64-linux-gnu-rc1.6/bin/../loongarch64-linux-gnu/sysroot/usr/include/c++/8.3.0/loongarch64-linux-gnu/."
ignoring duplicate directory "/opt/ls_2k0300_env/loongson-gnu-toolchain-8.3-x86_64-loongarch64-linux-gnu-rc1.6/lib/gcc/loongarch64-linux-gnu/8.3.0/include"
ignoring nonexistent directory "/opt/ls_2k0300_env/loongson-gnu-toolchain-8.3-x86_64-loongarch64-linux-gnu-rc1.6/bin/../loongarch64-linux-gnu/sysroot/usr/local/include"
ignoring duplicate directory "/opt/ls_2k0300_env/loongson-gnu-toolchain-8.3-x86_64-loongarch64-linux-gnu-rc1.6/lib/gcc/loongarch64-linux-gnu/8.3.0/include-fixed"
ignoring nonexistent directory "/opt/ls_2k0300_env/loongson-gnu-toolchain-8.3-x86_64-loongarch64-linux-gnu-rc1.6/bin/../lib/gcc/../../lib/gcc/loongarch64-linux-gnu/8.3.0/../../../../loongarch64-linux-gnu/include"
#include "..." search starts here:
#include <...> search starts here:
 /opt/ls_2k0300_env/loongson-gnu-toolchain-8.3-x86_64-loongarch64-linux-gnu-rc1.6/lib/gcc/loongarch64-linux-gnu/8.3.0/include
 /opt/ls_2k0300_env/loongson-gnu-toolchain-8.3-x86_64-loongarch64-linux-gnu-rc1.6/lib/gcc/loongarch64-linux-gnu/8.3.0/include-fixed
 /opt/ls_2k0300_env/loongson-gnu-toolchain-8.3-x86_64-loongarch64-linux-gnu-rc1.6/loongarch64-linux-gnu/sysroot/usr/include/c++/8.3.0
 /opt/ls_2k0300_env/loongson-gnu-toolchain-8.3-x86_64-loongarch64-linux-gnu-rc1.6/loongarch64-linux-gnu/sysroot/usr/include/c++/8.3.0/backward
 /opt/ls_2k0300_env/loongson-gnu-toolchain-8.3-x86_64-loongarch64-linux-gnu-rc1.6/loongarch64-linux-gnu/sysroot/usr/include
End of search list.
GNU C++14 (LoongArch GNU toolchain rc1.6 (20241115)) version 8.3.0 (loongarch64-linux-gnu)
	compiled by GNU C version 8.5.0, GMP version 6.1.0, MPFR version 3.1.4, MPC version 1.0.3, isl version isl-0.18-GMP

GGC heuristics: --param ggc-min-expand=100 --param ggc-min-heapsize=131072
Compiler executable checksum: ea5bbb2d0afb0de20dca386a34b3655f
COLLECT_GCC_OPTIONS='-v' '-o' 'CMakeFiles/cmTC_7ccfc.dir/CMakeCXXCompilerABI.cpp.o' '-c' '-shared-libgcc' '-mabi=lp64d' '-march=loongarch64' '-mfpu=64' '-msimd=none' '-mcmodel=normal' '-mtune=loongarch64'
 /opt/ls_2k0300_env/loongson-gnu-toolchain-8.3-x86_64-loongarch64-linux-gnu-rc1.6/bin/../lib/gcc/loongarch64-linux-gnu/8.3.0/../../../../loongarch64-linux-gnu/bin/as -v -mabi=lp64 -o CMakeFiles/cmTC_7ccfc.dir/CMakeCXXCompilerABI.cpp.o /tmp/ccdQavTV.s
GNU assembler version 2.31.1 (loongarch64-linux-gnu) using BFD version (LoongArch GNU toolchain rc1.6 20241115) 2.31.1.20190122
COMPILER_PATH=/opt/ls_2k0300_env/loongson-gnu-toolchain-8.3-x86_64-loongarch64-linux-gnu-rc1.6/bin/../libexec/gcc/loongarch64-linux-gnu/8.3.0/:/opt/ls_2k0300_env/loongson-gnu-toolchain-8.3-x86_64-loongarch64-linux-gnu-rc1.6/bin/../libexec/gcc/:/opt/ls_2k0300_env/loongson-gnu-toolchain-8.3-x86_64-loongarch64-linux-gnu-rc1.6/bin/../lib/gcc/loongarch64-linux-gnu/8.3.0/../../../../loongarch64-linux-gnu/bin/
LIBRARY_PATH=/opt/ls_2k0300_env/loongson-gnu-toolchain-8.3-x86_64-loongarch64-linux-gnu-rc1.6/bin/../lib/gcc/loongarch64-linux-gnu/8.3.0/:/opt/ls_2k0300_env/loongson-gnu-toolchain-8.3-x86_64-loongarch64-linux-gnu-rc1.6/bin/../lib/gcc/:/opt/ls_2k0300_env/loongson-gnu-toolchain-8.3-x86_64-loongarch64-linux-gnu-rc1.6/bin/../lib/gcc/loongarch64-linux-gnu/8.3.0/../../../../loongarch64-linux-gnu/lib/../lib64/:/opt/ls_2k0300_env/loongson-gnu-toolchain-8.3-x86_64-loongarch64-linux-gnu-rc1.6/bin/../loongarch64-linux-gnu/sysroot/lib/../lib64/:/opt/ls_2k0300_env/loongson-gnu-toolchain-8.3-x86_64-loongarch64-linux-gnu-rc1.6/bin/../loongarch64-linux-gnu/sysroot/usr/lib/../lib64/:/opt/ls_2k0300_env/loongson-gnu-toolchain-8.3-x86_64-loongarch64-linux-gnu-rc1.6/bin/../lib/gcc/loongarch64-linux-gnu/8.3.0/../../../../loongarch64-linux-gnu/lib/:/opt/ls_2k0300_env/loongson-gnu-toolchain-8.3-x86_64-loongarch64-linux-gnu-rc1.6/bin/../loongarch64-linux-gnu/sysroot/lib/:/opt/ls_2k0300_env/loongson-gnu-toolchain-8.3-x86_64-loongarch64-linux-gnu-rc1.6/bin/../loongarch64-linux-gnu/sysroot/usr/lib/
COLLECT_GCC_OPTIONS='-v' '-o' 'CMakeFiles/cmTC_7ccfc.dir/CMakeCXXCompilerABI.cpp.o' '-c' '-shared-libgcc' '-mabi=lp64d' '-march=loongarch64' '-mfpu=64' '-msimd=none' '-mcmodel=normal' '-mtune=loongarch64'
Linking CXX executable cmTC_7ccfc
/usr/bin/cmake -E cmake_link_script CMakeFiles/cmTC_7ccfc.dir/link.txt --verbose=1
/opt/ls_2k0300_env/loongson-gnu-toolchain-8.3-x86_64-loongarch64-linux-gnu-rc1.6/bin/loongarch64-linux-gnu-g++  -v CMakeFiles/cmTC_7ccfc.dir/CMakeCXXCompilerABI.cpp.o -o cmTC_7ccfc 
Using built-in specs.
COLLECT_GCC=/opt/ls_2k0300_env/loongson-gnu-toolchain-8.3-x86_64-loongarch64-linux-gnu-rc1.6/bin/loongarch64-linux-gnu-g++
COLLECT_LTO_WRAPPER=/opt/ls_2k0300_env/loongson-gnu-toolchain-8.3-x86_64-loongarch64-linux-gnu-rc1.6/bin/../libexec/gcc/loongarch64-linux-gnu/8.3.0/lto-wrapper
Target: loongarch64-linux-gnu
Configured with: ../src/gcc/configure --build=x86_64-linux-gnu --host=x86_64-linux-gnu --target=loongarch64-linux-gnu --prefix=/dev/shm/build-loongson-gnu-toolchain-8.3-x86_64-loongarch64-linux-gnu-rc1.6/prefix --with-pkgversion='LoongArch GNU toolchain rc1.6 (20241115)' --with-sysroot=/dev/shm/build-loongson-gnu-toolchain-8.3-x86_64-loongarch64-linux-gnu-rc1.6/prefix/loongarch64-linux-gnu/sysroot --with-native-system-header-dir=/usr/include --with-gxx-include-dir=/dev/shm/build-loongson-gnu-toolchain-8.3-x86_64-loongarch64-linux-gnu-rc1.6/prefix/loongarch64-linux-gnu/sysroot/usr/include/c++/8.3.0 --enable-languages=c,c++,fortran --enable-initfini-array --disable-bootstrap --disable-decimal-float --disable-linker-build-id --disable-multiarch --disable-libcc1 --disable-nls --disable-zlib --with-system-zlib --with-multilib-list=lp64d,lp64s
Thread model: posix
gcc version 8.3.0 (LoongArch GNU toolchain rc1.6 (20241115)) 
COMPILER_PATH=/opt/ls_2k0300_env/loongson-gnu-toolchain-8.3-x86_64-loongarch64-linux-gnu-rc1.6/bin/../libexec/gcc/loongarch64-linux-gnu/8.3.0/:/opt/ls_2k0300_env/loongson-gnu-toolchain-8.3-x86_64-loongarch64-linux-gnu-rc1.6/bin/../libexec/gcc/:/opt/ls_2k0300_env/loongson-gnu-toolchain-8.3-x86_64-loongarch64-linux-gnu-rc1.6/bin/../lib/gcc/loongarch64-linux-gnu/8.3.0/../../../../loongarch64-linux-gnu/bin/
LIBRARY_PATH=/opt/ls_2k0300_env/loongson-gnu-toolchain-8.3-x86_64-loongarch64-linux-gnu-rc1.6/bin/../lib/gcc/loongarch64-linux-gnu/8.3.0/:/opt/ls_2k0300_env/loongson-gnu-toolchain-8.3-x86_64-loongarch64-linux-gnu-rc1.6/bin/../lib/gcc/:/opt/ls_2k0300_env/loongson-gnu-toolchain-8.3-x86_64-loongarch64-linux-gnu-rc1.6/bin/../lib/gcc/loongarch64-linux-gnu/8.3.0/../../../../loongarch64-linux-gnu/lib/../lib64/:/opt/ls_2k0300_env/loongson-gnu-toolchain-8.3-x86_64-loongarch64-linux-gnu-rc1.6/bin/../loongarch64-linux-gnu/sysroot/lib/../lib64/:/opt/ls_2k0300_env/loongson-gnu-toolchain-8.3-x86_64-loongarch64-linux-gnu-rc1.6/bin/../loongarch64-linux-gnu/sysroot/usr/lib/../lib64/:/opt/ls_2k0300_env/loongson-gnu-toolchain-8.3-x86_64-loongarch64-linux-gnu-rc1.6/bin/../lib/gcc/loongarch64-linux-gnu/8.3.0/../../../../loongarch64-linux-gnu/lib/:/opt/ls_2k0300_env/loongson-gnu-toolchain-8.3-x86_64-loongarch64-linux-gnu-rc1.6/bin/../loongarch64-linux-gnu/sysroot/lib/:/opt/ls_2k0300_env/loongson-gnu-toolchain-8.3-x86_64-loongarch64-linux-gnu-rc1.6/bin/../loongarch64-linux-gnu/sysroot/usr/lib/
COLLECT_GCC_OPTIONS='-v' '-o' 'cmTC_7ccfc' '-shared-libgcc' '-mabi=lp64d' '-march=loongarch64' '-mfpu=64' '-msimd=none' '-mcmodel=normal' '-mtune=loongarch64'
 /opt/ls_2k0300_env/loongson-gnu-toolchain-8.3-x86_64-loongarch64-linux-gnu-rc1.6/bin/../libexec/gcc/loongarch64-linux-gnu/8.3.0/collect2 -plugin /opt/ls_2k0300_env/loongson-gnu-toolchain-8.3-x86_64-loongarch64-linux-gnu-rc1.6/bin/../libexec/gcc/loongarch64-linux-gnu/8.3.0/liblto_plugin.so -plugin-opt=/opt/ls_2k0300_env/loongson-gnu-toolchain-8.3-x86_64-loongarch64-linux-gnu-rc1.6/bin/../libexec/gcc/loongarch64-linux-gnu/8.3.0/lto-wrapper -plugin-opt=-fresolution=/tmp/cc8orCKR.res -plugin-opt=-pass-through=-lgcc_s -plugin-opt=-pass-through=-lgcc -plugin-opt=-pass-through=-lc -plugin-opt=-pass-through=-lgcc_s -plugin-opt=-pass-through=-lgcc --sysroot=/opt/ls_2k0300_env/loongson-gnu-toolchain-8.3-x86_64-loongarch64-linux-gnu-rc1.6/bin/../loongarch64-linux-gnu/sysroot --eh-frame-hdr -m elf64loongarch -dynamic-linker /lib64/ld.so.1 -o cmTC_7ccfc /opt/ls_2k0300_env/loongson-gnu-toolchain-8.3-x86_64-loongarch64-linux-gnu-rc1.6/bin/../loongarch64-linux-gnu/sysroot/lib/../lib64/crt1.o /opt/ls_2k0300_env/loongson-gnu-toolchain-8.3-x86_64-loongarch64-linux-gnu-rc1.6/bin/../loongarch64-linux-gnu/sysroot/lib/../lib64/crti.o /opt/ls_2k0300_env/loongson-gnu-toolchain-8.3-x86_64-loongarch64-linux-gnu-rc1.6/bin/../lib/gcc/loongarch64-linux-gnu/8.3.0/crtbegin.o -L/opt/ls_2k0300_env/loongson-gnu-toolchain-8.3-x86_64-loongarch64-linux-gnu-rc1.6/bin/../lib/gcc/loongarch64-linux-gnu/8.3.0 -L/opt/ls_2k0300_env/loongson-gnu-toolchain-8.3-x86_64-loongarch64-linux-gnu-rc1.6/bin/../lib/gcc -L/opt/ls_2k0300_env/loongson-gnu-toolchain-8.3-x86_64-loongarch64-linux-gnu-rc1.6/bin/../lib/gcc/loongarch64-linux-gnu/8.3.0/../../../../loongarch64-linux-gnu/lib/../lib64 -L/opt/ls_2k0300_env/loongson-gnu-toolchain-8.3-x86_64-loongarch64-linux-gnu-rc1.6/bin/../loongarch64-linux-gnu/sysroot/lib/../lib64 -L/opt/ls_2k0300_env/loongson-gnu-toolchain-8.3-x86_64-loongarch64-linux-gnu-rc1.6/bin/../loongarch64-linux-gnu/sysroot/usr/lib/../lib64 -L/opt/ls_2k0300_env/loongson-gnu-toolchain-8.3-x86_64-loongarch64-linux-gnu-rc1.6/bin/../lib/gcc/loongarch64-linux-gnu/8.3.0/../../../../loongarch64-linux-gnu/lib -L/opt/ls_2k0300_env/loongson-gnu-toolchain-8.3-x86_64-loongarch64-linux-gnu-rc1.6/bin/../loongarch64-linux-gnu/sysroot/lib -L/opt/ls_2k0300_env/loongson-gnu-toolchain-8.3-x86_64-loongarch64-linux-gnu-rc1.6/bin/../loongarch64-linux-gnu/sysroot/usr/lib CMakeFiles/cmTC_7ccfc.dir/CMakeCXXCompilerABI.cpp.o -lstdc++ -lm -lgcc_s -lgcc -lc -lgcc_s -lgcc /opt/ls_2k0300_env/loongson-gnu-toolchain-8.3-x86_64-loongarch64-linux-gnu-rc1.6/bin/../lib/gcc/loongarch64-linux-gnu/8.3.0/crtend.o /opt/ls_2k0300_env/loongson-gnu-toolchain-8.3-x86_64-loongarch64-linux-gnu-rc1.6/bin/../loongarch64-linux-gnu/sysroot/lib/../lib64/crtn.o
COLLECT_GCC_OPTIONS='-v' '-o' 'cmTC_7ccfc' '-shared-libgcc' '-mabi=lp64d' '-march=loongarch64' '-mfpu=64' '-msimd=none' '-mcmodel=normal' '-mtune=loongarch64'
gmake[1]: Leaving directory '/home/lq/LS2K0300_Library/LS2K300_Library/Example/Motherboard_Demo/E2_encoder/E02_02_encoder_quad_demo/out/CMakeFiles/CMakeTmp'



Parsed CXX implicit include dir info from above output: rv=done
  found start of include info
  found start of implicit include info
    add: [/opt/ls_2k0300_env/loongson-gnu-toolchain-8.3-x86_64-loongarch64-linux-gnu-rc1.6/lib/gcc/loongarch64-linux-gnu/8.3.0/include]
    add: [/opt/ls_2k0300_env/loongson-gnu-toolchain-8.3-x86_64-loongarch64-linux-gnu-rc1.6/lib/gcc/loongarch64-linux-gnu/8.3.0/include-fixed]
    add: [/opt/ls_2k0300_env/loongson-gnu-toolchain-8.3-x86_64-loongarch64-linux-gnu-rc1.6/loongarch64-linux-gnu/sysroot/usr/include/c++/8.3.0]
    add: [/opt/ls_2k0300_env/loongson-gnu-toolchain-8.3-x86_64-loongarch64-linux-gnu-rc1.6/loongarch64-linux-gnu/sysroot/usr/include/c++/8.3.0/backward]
    add: [/opt/ls_2k0300_env/loongson-gnu-toolchain-8.3-x86_64-loongarch64-linux-gnu-rc1.6/loongarch64-linux-gnu/sysroot/usr/include]
  end of search list found
  collapse include dir [/opt/ls_2k0300_env/loongson-gnu-toolchain-8.3-x86_64-loongarch64-linux-gnu-rc1.6/lib/gcc/loongarch64-linux-gnu/8.3.0/include] ==> [/opt/ls_2k0300_env/loongson-gnu-toolchain-8.3-x86_64-loongarch64-linux-gnu-rc1.6/lib/gcc/loongarch64-linux-gnu/8.3.0/include]
  collapse include dir [/opt/ls_2k0300_env/loongson-gnu-toolchain-8.3-x86_64-loongarch64-linux-gnu-rc1.6/lib/gcc/loongarch64-linux-gnu/8.3.0/include-fixed] ==> [/opt/ls_2k0300_env/loongson-gnu-toolchain-8.3-x86_64-loongarch64-linux-gnu-rc1.6/lib/gcc/loongarch64-linux-gnu/8.3.0/include-fixed]
  collapse include dir [/opt/ls_2k0300_env/loongson-gnu-toolchain-8.3-x86_64-loongarch64-linux-gnu-rc1.6/loongarch64-linux-gnu/sysroot/usr/include/c++/8.3.0] ==> [/opt/ls_2k0300_env/loongson-gnu-toolchain-8.3-x86_64-loongarch64-linux-gnu-rc1.6/loongarch64-linux-gnu/sysroot/usr/include/c++/8.3.0]
  collapse include dir [/opt/ls_2k0300_env/loongson-gnu-toolchain-8.3-x86_64-loongarch64-linux-gnu-rc1.6/loongarch64-linux-gnu/sysroot/usr/include/c++/8.3.0/backward] ==> [/opt/ls_2k0300_env/loongson-gnu-toolchain-8.3-x86_64-loongarch64-linux-gnu-rc1.6/loongarch64-linux-gnu/sysroot/usr/include/c++/8.3.0/backward]
  collapse include dir [/opt/ls_2k0300_env/loongson-gnu-toolchain-8.3-x86_64-loongarch64-linux-gnu-rc1.6/loongarch64-linux-gnu/sysroot/usr/include] ==> [/opt/ls_2k0300_env/loongson-gnu-toolchain-8.3-x86_64-loongarch64-linux-gnu-rc1.6/loongarch64-linux-gnu/sysroot/usr/include]
  implicit include dirs: [/opt/ls_2k0300_env/loongson-gnu-toolchain-8.3-x86_64-loongarch64-linux-gnu-rc1.6/lib/gcc/loongarch64-linux-gnu/8.3.0/include;/opt/ls_2k0300_env/loongson-gnu-toolchain-8.3-x86_64-loongarch64-linux-gnu-rc1.6/lib/gcc/loongarch64-linux-gnu/8.3.0/include-fixed;/opt/ls_2k0300_env/loongson-gnu-toolchain-8.3-x86_64-loongarch64-linux-gnu-rc1.6/loongarch64-linux-gnu/sysroot/usr/include/c++/8.3.0;/opt/ls_2k0300_env/loongson-gnu-toolchain-8.3-x86_64-loongarch64-linux-gnu-rc1.6/loongarch64-linux-gnu/sysroot/usr/include/c++/8.3.0/backward;/opt/ls_2k0300_env/loongson-gnu-toolchain-8.3-x86_64-loongarch64-linux-gnu-rc1.6/loongarch64-linux-gnu/sysroot/usr/include]


Parsed CXX implicit link information from above output:
  link line regex: [^( *|.*[/\])(loongarch64-linux-gnu-ld|CMAKE_LINK_STARTFILE-NOTFOUND|([^/\]+-)?ld|collect2)[^/\]*( |$)]
  ignore line: [Change Dir: /home/lq/LS2K0300_Library/LS2K300_Library/Example/Motherboard_Demo/E2_encoder/E02_02_encoder_quad_demo/out/CMakeFiles/CMakeTmp]
  ignore line: []
  ignore line: [Run Build Command(s):/usr/bin/gmake -f Makefile cmTC_7ccfc/fast && /usr/bin/gmake  -f CMakeFiles/cmTC_7ccfc.dir/build.make CMakeFiles/cmTC_7ccfc.dir/build]
  ignore line: [gmake[1]: Entering directory '/home/lq/LS2K0300_Library/LS2K300_Library/Example/Motherboard_Demo/E2_encoder/E02_02_encoder_quad_demo/out/CMakeFiles/CMakeTmp']
  ignore line: [Building CXX object CMakeFiles/cmTC_7ccfc.dir/CMakeCXXCompilerABI.cpp.o]
  ignore line: [/opt/ls_2k0300_env/loongson-gnu-toolchain-8.3-x86_64-loongarch64-linux-gnu-rc1.6/bin/loongarch64-linux-gnu-g++   -v -o CMakeFiles/cmTC_7ccfc.dir/CMakeCXXCompilerABI.cpp.o -c /usr/share/cmake-3.22/Modules/CMakeCXXCompilerABI.cpp]
  ignore line: [Using built-in specs.]
  ignore line: [COLLECT_GCC=/opt/ls_2k0300_env/loongson-gnu-toolchain-8.3-x86_64-loongarch64-linux-gnu-rc1.6/bin/loongarch64-linux-gnu-g++]
  ignore line: [Target: loongarch64-linux-gnu]
  ignore line: [Configured with: ../src/gcc/configure --build=x86_64-linux-gnu --host=x86_64-linux-gnu --target=loongarch64-linux-gnu --prefix=/dev/shm/build-loongson-gnu-toolchain-8.3-x86_64-loongarch64-linux-gnu-rc1.6/prefix --with-pkgversion='LoongArch GNU toolchain rc1.6 (20241115)' --with-sysroot=/dev/shm/build-loongson-gnu-toolchain-8.3-x86_64-loongarch64-linux-gnu-rc1.6/prefix/loongarch64-linux-gnu/sysroot --with-native-system-header-dir=/usr/include --with-gxx-include-dir=/dev/shm/build-loongson-gnu-toolchain-8.3-x86_64-loongarch64-linux-gnu-rc1.6/prefix/loongarch64-linux-gnu/sysroot/usr/include/c++/8.3.0 --enable-languages=c c++ fortran --enable-initfini-array --disable-bootstrap --disable-decimal-float --disable-linker-build-id --disable-multiarch --disable-libcc1 --disable-nls --disable-zlib --with-system-zlib --with-multilib-list=lp64d lp64s]
  ignore line: [Thread model: posix]
  ignore line: [gcc version 8.3.0 (LoongArch GNU toolchain rc1.6 (20241115)) ]
  ignore line: [COLLECT_GCC_OPTIONS='-v' '-o' 'CMakeFiles/cmTC_7ccfc.dir/CMakeCXXCompilerABI.cpp.o' '-c' '-shared-libgcc' '-mabi=lp64d' '-march=loongarch64' '-mfpu=64' '-msimd=none' '-mcmodel=normal' '-mtune=loongarch64']
  ignore line: [ /opt/ls_2k0300_env/loongson-gnu-toolchain-8.3-x86_64-loongarch64-linux-gnu-rc1.6/bin/../libexec/gcc/loongarch64-linux-gnu/8.3.0/cc1plus -quiet -v -imultilib . -iprefix /opt/ls_2k0300_env/loongson-gnu-toolchain-8.3-x86_64-loongarch64-linux-gnu-rc1.6/bin/../lib/gcc/loongarch64-linux-gnu/8.3.0/ -isysroot /opt/ls_2k0300_env/loongson-gnu-toolchain-8.3-x86_64-loongarch64-linux-gnu-rc1.6/bin/../loongarch64-linux-gnu/sysroot -D_GNU_SOURCE /usr/share/cmake-3.22/Modules/CMakeCXXCompilerABI.cpp -quiet -dumpbase CMakeCXXCompilerABI.cpp -mabi=lp64d -march=loongarch64 -mfpu=64 -msimd=none -mcmodel=normal -mtune=loongarch64 -auxbase-strip CMakeFiles/cmTC_7ccfc.dir/CMakeCXXCompilerABI.cpp.o -version -o /tmp/ccdQavTV.s]
  ignore line: [GNU C++14 (LoongArch GNU toolchain rc1.6 (20241115)) version 8.3.0 (loongarch64-linux-gnu)]
  ignore line: [	compiled by GNU C version 8.5.0  GMP version 6.1.0  MPFR version 3.1.4  MPC version 1.0.3  isl version isl-0.18-GMP]
  ignore line: []
  ignore line: [GGC heuristics: --param ggc-min-expand=100 --param ggc-min-heapsize=131072]
  ignore line: [ignoring nonexistent directory "/opt/ls_2k0300_env/loongson-gnu-toolchain-8.3-x86_64-loongarch64-linux-gnu-rc1.6/bin/../lib/gcc/loongarch64-linux-gnu/8.3.0/../../../../loongarch64-linux-gnu/include"]
  ignore line: [ignoring nonexistent directory "/opt/ls_2k0300_env/loongson-gnu-toolchain-8.3-x86_64-loongarch64-linux-gnu-rc1.6/bin/../loongarch64-linux-gnu/sysroot/usr/include/c++/8.3.0/loongarch64-linux-gnu/."]
  ignore line: [ignoring duplicate directory "/opt/ls_2k0300_env/loongson-gnu-toolchain-8.3-x86_64-loongarch64-linux-gnu-rc1.6/lib/gcc/loongarch64-linux-gnu/8.3.0/include"]
  ignore line: [ignoring nonexistent directory "/opt/ls_2k0300_env/loongson-gnu-toolchain-8.3-x86_64-loongarch64-linux-gnu-rc1.6/bin/../loongarch64-linux-gnu/sysroot/usr/local/include"]
  ignore line: [ignoring duplicate directory "/opt/ls_2k0300_env/loongson-gnu-toolchain-8.3-x86_64-loongarch64-linux-gnu-rc1.6/lib/gcc/loongarch64-linux-gnu/8.3.0/include-fixed"]
  ignore line: [ignoring nonexistent directory "/opt/ls_2k0300_env/loongson-gnu-toolchain-8.3-x86_64-loongarch64-linux-gnu-rc1.6/bin/../lib/gcc/../../lib/gcc/loongarch64-linux-gnu/8.3.0/../../../../loongarch64-linux-gnu/include"]
  ignore line: [#include "..." search starts here:]
  ignore line: [#include <...> search starts here:]
  ignore line: [ /opt/ls_2k0300_env/loongson-gnu-toolchain-8.3-x86_64-loongarch64-linux-gnu-rc1.6/lib/gcc/loongarch64-linux-gnu/8.3.0/include]
  ignore line: [ /opt/ls_2k0300_env/loongson-gnu-toolchain-8.3-x86_64-loongarch64-linux-gnu-rc1.6/lib/gcc/loongarch64-linux-gnu/8.3.0/include-fixed]
  ignore line: [ /opt/ls_2k0300_env/loongson-gnu-toolchain-8.3-x86_64-loongarch64-linux-gnu-rc1.6/loongarch64-linux-gnu/sysroot/usr/include/c++/8.3.0]
  ignore line: [ /opt/ls_2k0300_env/loongson-gnu-toolchain-8.3-x86_64-loongarch64-linux-gnu-rc1.6/loongarch64-linux-gnu/sysroot/usr/include/c++/8.3.0/backward]
  ignore line: [ /opt/ls_2k0300_env/loongson-gnu-toolchain-8.3-x86_64-loongarch64-linux-gnu-rc1.6/loongarch64-linux-gnu/sysroot/usr/include]
  ignore line: [End of search list.]
  ignore line: [GNU C++14 (LoongArch GNU toolchain rc1.6 (20241115)) version 8.3.0 (loongarch64-linux-gnu)]
  ignore line: [	compiled by GNU C version 8.5.0  GMP version 6.1.0  MPFR version 3.1.4  MPC version 1.0.3  isl version isl-0.18-GMP]
  ignore line: []
  ignore line: [GGC heuristics: --param ggc-min-expand=100 --param ggc-min-heapsize=131072]
  ignore line: [Compiler executable checksum: ea5bbb2d0afb0de20dca386a34b3655f]
  ignore line: [COLLECT_GCC_OPTIONS='-v' '-o' 'CMakeFiles/cmTC_7ccfc.dir/CMakeCXXCompilerABI.cpp.o' '-c' '-shared-libgcc' '-mabi=lp64d' '-march=loongarch64' '-mfpu=64' '-msimd=none' '-mcmodel=normal' '-mtune=loongarch64']
  ignore line: [ /opt/ls_2k0300_env/loongson-gnu-toolchain-8.3-x86_64-loongarch64-linux-gnu-rc1.6/bin/../lib/gcc/loongarch64-linux-gnu/8.3.0/../../../../loongarch64-linux-gnu/bin/as -v -mabi=lp64 -o CMakeFiles/cmTC_7ccfc.dir/CMakeCXXCompilerABI.cpp.o /tmp/ccdQavTV.s]
  ignore line: [GNU assembler version 2.31.1 (loongarch64-linux-gnu) using BFD version (LoongArch GNU toolchain rc1.6 20241115) 2.31.1.20190122]
  ignore line: [COMPILER_PATH=/opt/ls_2k0300_env/loongson-gnu-toolchain-8.3-x86_64-loongarch64-linux-gnu-rc1.6/bin/../libexec/gcc/loongarch64-linux-gnu/8.3.0/:/opt/ls_2k0300_env/loongson-gnu-toolchain-8.3-x86_64-loongarch64-linux-gnu-rc1.6/bin/../libexec/gcc/:/opt/ls_2k0300_env/loongson-gnu-toolchain-8.3-x86_64-loongarch64-linux-gnu-rc1.6/bin/../lib/gcc/loongarch64-linux-gnu/8.3.0/../../../../loongarch64-linux-gnu/bin/]
  ignore line: [LIBRARY_PATH=/opt/ls_2k0300_env/loongson-gnu-toolchain-8.3-x86_64-loongarch64-linux-gnu-rc1.6/bin/../lib/gcc/loongarch64-linux-gnu/8.3.0/:/opt/ls_2k0300_env/loongson-gnu-toolchain-8.3-x86_64-loongarch64-linux-gnu-rc1.6/bin/../lib/gcc/:/opt/ls_2k0300_env/loongson-gnu-toolchain-8.3-x86_64-loongarch64-linux-gnu-rc1.6/bin/../lib/gcc/loongarch64-linux-gnu/8.3.0/../../../../loongarch64-linux-gnu/lib/../lib64/:/opt/ls_2k0300_env/loongson-gnu-toolchain-8.3-x86_64-loongarch64-linux-gnu-rc1.6/bin/../loongarch64-linux-gnu/sysroot/lib/../lib64/:/opt/ls_2k0300_env/loongson-gnu-toolchain-8.3-x86_64-loongarch64-linux-gnu-rc1.6/bin/../loongarch64-linux-gnu/sysroot/usr/lib/../lib64/:/opt/ls_2k0300_env/loongson-gnu-toolchain-8.3-x86_64-loongarch64-linux-gnu-rc1.6/bin/../lib/gcc/loongarch64-linux-gnu/8.3.0/../../../../loongarch64-linux-gnu/lib/:/opt/ls_2k0300_env/loongson-gnu-toolchain-8.3-x86_64-loongarch64-linux-gnu-rc1.6/bin/../loongarch64-linux-gnu/sysroot/lib/:/opt/ls_2k0300_env/loongson-gnu-toolchain-8.3-x86_64-loongarch64-linux-gnu-rc1.6/bin/../loongarch64-linux-gnu/sysroot/usr/lib/]
  ignore line: [COLLECT_GCC_OPTIONS='-v' '-o' 'CMakeFiles/cmTC_7ccfc.dir/CMakeCXXCompilerABI.cpp.o' '-c' '-shared-libgcc' '-mabi=lp64d' '-march=loongarch64' '-mfpu=64' '-msimd=none' '-mcmodel=normal' '-mtune=loongarch64']
  ignore line: [Linking CXX executable cmTC_7ccfc]
  ignore line: [/usr/bin/cmake -E cmake_link_script CMakeFiles/cmTC_7ccfc.dir/link.txt --verbose=1]
  ignore line: [/opt/ls_2k0300_env/loongson-gnu-toolchain-8.3-x86_64-loongarch64-linux-gnu-rc1.6/bin/loongarch64-linux-gnu-g++  -v CMakeFiles/cmTC_7ccfc.dir/CMakeCXXCompilerABI.cpp.o -o cmTC_7ccfc ]
  ignore line: [Using built-in specs.]
  ignore line: [COLLECT_GCC=/opt/ls_2k0300_env/loongson-gnu-toolchain-8.3-x86_64-loongarch64-linux-gnu-rc1.6/bin/loongarch64-linux-gnu-g++]
  ignore line: [COLLECT_LTO_WRAPPER=/opt/ls_2k0300_env/loongson-gnu-toolchain-8.3-x86_64-loongarch64-linux-gnu-rc1.6/bin/../libexec/gcc/loongarch64-linux-gnu/8.3.0/lto-wrapper]
  ignore line: [Target: loongarch64-linux-gnu]
  ignore line: [Configured with: ../src/gcc/configure --build=x86_64-linux-gnu --host=x86_64-linux-gnu --target=loongarch64-linux-gnu --prefix=/dev/shm/build-loongson-gnu-toolchain-8.3-x86_64-loongarch64-linux-gnu-rc1.6/prefix --with-pkgversion='LoongArch GNU toolchain rc1.6 (20241115)' --with-sysroot=/dev/shm/build-loongson-gnu-toolchain-8.3-x86_64-loongarch64-linux-gnu-rc1.6/prefix/loongarch64-linux-gnu/sysroot --with-native-system-header-dir=/usr/include --with-gxx-include-dir=/dev/shm/build-loongson-gnu-toolchain-8.3-x86_64-loongarch64-linux-gnu-rc1.6/prefix/loongarch64-linux-gnu/sysroot/usr/include/c++/8.3.0 --enable-languages=c c++ fortran --enable-initfini-array --disable-bootstrap --disable-decimal-float --disable-linker-build-id --disable-multiarch --disable-libcc1 --disable-nls --disable-zlib --with-system-zlib --with-multilib-list=lp64d lp64s]
  ignore line: [Thread model: posix]
  ignore line: [gcc version 8.3.0 (LoongArch GNU toolchain rc1.6 (20241115)) ]
  ignore line: [COMPILER_PATH=/opt/ls_2k0300_env/loongson-gnu-toolchain-8.3-x86_64-loongarch64-linux-gnu-rc1.6/bin/../libexec/gcc/loongarch64-linux-gnu/8.3.0/:/opt/ls_2k0300_env/loongson-gnu-toolchain-8.3-x86_64-loongarch64-linux-gnu-rc1.6/bin/../libexec/gcc/:/opt/ls_2k0300_env/loongson-gnu-toolchain-8.3-x86_64-loongarch64-linux-gnu-rc1.6/bin/../lib/gcc/loongarch64-linux-gnu/8.3.0/../../../../loongarch64-linux-gnu/bin/]
  ignore line: [LIBRARY_PATH=/opt/ls_2k0300_env/loongson-gnu-toolchain-8.3-x86_64-loongarch64-linux-gnu-rc1.6/bin/../lib/gcc/loongarch64-linux-gnu/8.3.0/:/opt/ls_2k0300_env/loongson-gnu-toolchain-8.3-x86_64-loongarch64-linux-gnu-rc1.6/bin/../lib/gcc/:/opt/ls_2k0300_env/loongson-gnu-toolchain-8.3-x86_64-loongarch64-linux-gnu-rc1.6/bin/../lib/gcc/loongarch64-linux-gnu/8.3.0/../../../../loongarch64-linux-gnu/lib/../lib64/:/opt/ls_2k0300_env/loongson-gnu-toolchain-8.3-x86_64-loongarch64-linux-gnu-rc1.6/bin/../loongarch64-linux-gnu/sysroot/lib/../lib64/:/opt/ls_2k0300_env/loongson-gnu-toolchain-8.3-x86_64-loongarch64-linux-gnu-rc1.6/bin/../loongarch64-linux-gnu/sysroot/usr/lib/../lib64/:/opt/ls_2k0300_env/loongson-gnu-toolchain-8.3-x86_64-loongarch64-linux-gnu-rc1.6/bin/../lib/gcc/loongarch64-linux-gnu/8.3.0/../../../../loongarch64-linux-gnu/lib/:/opt/ls_2k0300_env/loongson-gnu-toolchain-8.3-x86_64-loongarch64-linux-gnu-rc1.6/bin/../loongarch64-linux-gnu/sysroot/lib/:/opt/ls_2k0300_env/loongson-gnu-toolchain-8.3-x86_64-loongarch64-linux-gnu-rc1.6/bin/../loongarch64-linux-gnu/sysroot/usr/lib/]
  ignore line: [COLLECT_GCC_OPTIONS='-v' '-o' 'cmTC_7ccfc' '-shared-libgcc' '-mabi=lp64d' '-march=loongarch64' '-mfpu=64' '-msimd=none' '-mcmodel=normal' '-mtune=loongarch64']
  link line: [ /opt/ls_2k0300_env/loongson-gnu-toolchain-8.3-x86_64-loongarch64-linux-gnu-rc1.6/bin/../libexec/gcc/loongarch64-linux-gnu/8.3.0/collect2 -plugin /opt/ls_2k0300_env/loongson-gnu-toolchain-8.3-x86_64-loongarch64-linux-gnu-rc1.6/bin/../libexec/gcc/loongarch64-linux-gnu/8.3.0/liblto_plugin.so -plugin-opt=/opt/ls_2k0300_env/loongson-gnu-toolchain-8.3-x86_64-loongarch64-linux-gnu-rc1.6/bin/../libexec/gcc/loongarch64-linux-gnu/8.3.0/lto-wrapper -plugin-opt=-fresolution=/tmp/cc8orCKR.res -plugin-opt=-pass-through=-lgcc_s -plugin-opt=-pass-through=-lgcc -plugin-opt=-pass-through=-lc -plugin-opt=-pass-through=-lgcc_s -plugin-opt=-pass-through=-lgcc --sysroot=/opt/ls_2k0300_env/loongson-gnu-toolchain-8.3-x86_64-loongarch64-linux-gnu-rc1.6/bin/../loongarch64-linux-gnu/sysroot --eh-frame-hdr -m elf64loongarch -dynamic-linker /lib64/ld.so.1 -o cmTC_7ccfc /opt/ls_2k0300_env/loongson-gnu-toolchain-8.3-x86_64-loongarch64-linux-gnu-rc1.6/bin/../loongarch64-linux-gnu/sysroot/lib/../lib64/crt1.o /opt/ls_2k0300_env/loongson-gnu-toolchain-8.3-x86_64-loongarch64-linux-gnu-rc1.6/bin/../loongarch64-linux-gnu/sysroot/lib/../lib64/crti.o /opt/ls_2k0300_env/loongson-gnu-toolchain-8.3-x86_64-loongarch64-linux-gnu-rc1.6/bin/../lib/gcc/loongarch64-linux-gnu/8.3.0/crtbegin.o -L/opt/ls_2k0300_env/loongson-gnu-toolchain-8.3-x86_64-loongarch64-linux-gnu-rc1.6/bin/../lib/gcc/loongarch64-linux-gnu/8.3.0 -L/opt/ls_2k0300_env/loongson-gnu-toolchain-8.3-x86_64-loongarch64-linux-gnu-rc1.6/bin/../lib/gcc -L/opt/ls_2k0300_env/loongson-gnu-toolchain-8.3-x86_64-loongarch64-linux-gnu-rc1.6/bin/../lib/gcc/loongarch64-linux-gnu/8.3.0/../../../../loongarch64-linux-gnu/lib/../lib64 -L/opt/ls_2k0300_env/loongson-gnu-toolchain-8.3-x86_64-loongarch64-linux-gnu-rc1.6/bin/../loongarch64-linux-gnu/sysroot/lib/../lib64 -L/opt/ls_2k0300_env/loongson-gnu-toolchain-8.3-x86_64-loongarch64-linux-gnu-rc1.6/bin/../loongarch64-linux-gnu/sysroot/usr/lib/../lib64 -L/opt/ls_2k0300_env/loongson-gnu-toolchain-8.3-x86_64-loongarch64-linux-gnu-rc1.6/bin/../lib/gcc/loongarch64-linux-gnu/8.3.0/../../../../loongarch64-linux-gnu/lib -L/opt/ls_2k0300_env/loongson-gnu-toolchain-8.3-x86_64-loongarch64-linux-gnu-rc1.6/bin/../loongarch64-linux-gnu/sysroot/lib -L/opt/ls_2k0300_env/loongson-gnu-toolchain-8.3-x86_64-loongarch64-linux-gnu-rc1.6/bin/../loongarch64-linux-gnu/sysroot/usr/lib CMakeFiles/cmTC_7ccfc.dir/CMakeCXXCompilerABI.cpp.o -lstdc++ -lm -lgcc_s -lgcc -lc -lgcc_s -lgcc /opt/ls_2k0300_env/loongson-gnu-toolchain-8.3-x86_64-loongarch64-linux-gnu-rc1.6/bin/../lib/gcc/loongarch64-linux-gnu/8.3.0/crtend.o /opt/ls_2k0300_env/loongson-gnu-toolchain-8.3-x86_64-loongarch64-linux-gnu-rc1.6/bin/../loongarch64-linux-gnu/sysroot/lib/../lib64/crtn.o]
    arg [/opt/ls_2k0300_env/loongson-gnu-toolchain-8.3-x86_64-loongarch64-linux-gnu-rc1.6/bin/../libexec/gcc/loongarch64-linux-gnu/8.3.0/collect2] ==> ignore
    arg [-plugin] ==> ignore
    arg [/opt/ls_2k0300_env/loongson-gnu-toolchain-8.3-x86_64-loongarch64-linux-gnu-rc1.6/bin/../libexec/gcc/loongarch64-linux-gnu/8.3.0/liblto_plugin.so] ==> ignore
    arg [-plugin-opt=/opt/ls_2k0300_env/loongson-gnu-toolchain-8.3-x86_64-loongarch64-linux-gnu-rc1.6/bin/../libexec/gcc/loongarch64-linux-gnu/8.3.0/lto-wrapper] ==> ignore
    arg [-plugin-opt=-fresolution=/tmp/cc8orCKR.res] ==> ignore
    arg [-plugin-opt=-pass-through=-lgcc_s] ==> ignore
    arg [-plugin-opt=-pass-through=-lgcc] ==> ignore
    arg [-plugin-opt=-pass-through=-lc] ==> ignore
    arg [-plugin-opt=-pass-through=-lgcc_s] ==> ignore
    arg [-plugin-opt=-pass-through=-lgcc] ==> ignore
    arg [--sysroot=/opt/ls_2k0300_env/loongson-gnu-toolchain-8.3-x86_64-loongarch64-linux-gnu-rc1.6/bin/../loongarch64-linux-gnu/sysroot] ==> ignore
    arg [--eh-frame-hdr] ==> ignore
    arg [-m] ==> ignore
    arg [elf64loongarch] ==> ignore
    arg [-dynamic-linker] ==> ignore
    arg [/lib64/ld.so.1] ==> ignore
    arg [-o] ==> ignore
    arg [cmTC_7ccfc] ==> ignore
    arg [/opt/ls_2k0300_env/loongson-gnu-toolchain-8.3-x86_64-loongarch64-linux-gnu-rc1.6/bin/../loongarch64-linux-gnu/sysroot/lib/../lib64/crt1.o] ==> obj [/opt/ls_2k0300_env/loongson-gnu-toolchain-8.3-x86_64-loongarch64-linux-gnu-rc1.6/bin/../loongarch64-linux-gnu/sysroot/lib/../lib64/crt1.o]
    arg [/opt/ls_2k0300_env/loongson-gnu-toolchain-8.3-x86_64-loongarch64-linux-gnu-rc1.6/bin/../loongarch64-linux-gnu/sysroot/lib/../lib64/crti.o] ==> obj [/opt/ls_2k0300_env/loongson-gnu-toolchain-8.3-x86_64-loongarch64-linux-gnu-rc1.6/bin/../loongarch64-linux-gnu/sysroot/lib/../lib64/crti.o]
    arg [/opt/ls_2k0300_env/loongson-gnu-toolchain-8.3-x86_64-loongarch64-linux-gnu-rc1.6/bin/../lib/gcc/loongarch64-linux-gnu/8.3.0/crtbegin.o] ==> obj [/opt/ls_2k0300_env/loongson-gnu-toolchain-8.3-x86_64-loongarch64-linux-gnu-rc1.6/bin/../lib/gcc/loongarch64-linux-gnu/8.3.0/crtbegin.o]
    arg [-L/opt/ls_2k0300_env/loongson-gnu-toolchain-8.3-x86_64-loongarch64-linux-gnu-rc1.6/bin/../lib/gcc/loongarch64-linux-gnu/8.3.0] ==> dir [/opt/ls_2k0300_env/loongson-gnu-toolchain-8.3-x86_64-loongarch64-linux-gnu-rc1.6/bin/../lib/gcc/loongarch64-linux-gnu/8.3.0]
    arg [-L/opt/ls_2k0300_env/loongson-gnu-toolchain-8.3-x86_64-loongarch64-linux-gnu-rc1.6/bin/../lib/gcc] ==> dir [/opt/ls_2k0300_env/loongson-gnu-toolchain-8.3-x86_64-loongarch64-linux-gnu-rc1.6/bin/../lib/gcc]
    arg [-L/opt/ls_2k0300_env/loongson-gnu-toolchain-8.3-x86_64-loongarch64-linux-gnu-rc1.6/bin/../lib/gcc/loongarch64-linux-gnu/8.3.0/../../../../loongarch64-linux-gnu/lib/../lib64] ==> dir [/opt/ls_2k0300_env/loongson-gnu-toolchain-8.3-x86_64-loongarch64-linux-gnu-rc1.6/bin/../lib/gcc/loongarch64-linux-gnu/8.3.0/../../../../loongarch64-linux-gnu/lib/../lib64]
    arg [-L/opt/ls_2k0300_env/loongson-gnu-toolchain-8.3-x86_64-loongarch64-linux-gnu-rc1.6/bin/../loongarch64-linux-gnu/sysroot/lib/../lib64] ==> dir [/opt/ls_2k0300_env/loongson-gnu-toolchain-8.3-x86_64-loongarch64-linux-gnu-rc1.6/bin/../loongarch64-linux-gnu/sysroot/lib/../lib64]
    arg [-L/opt/ls_2k0300_env/loongson-gnu-toolchain-8.3-x86_64-loongarch64-linux-gnu-rc1.6/bin/../loongarch64-linux-gnu/sysroot/usr/lib/../lib64] ==> dir [/opt/ls_2k0300_env/loongson-gnu-toolchain-8.3-x86_64-loongarch64-linux-gnu-rc1.6/bin/../loongarch64-linux-gnu/sysroot/usr/lib/../lib64]
    arg [-L/opt/ls_2k0300_env/loongson-gnu-toolchain-8.3-x86_64-loongarch64-linux-gnu-rc1.6/bin/../lib/gcc/loongarch64-linux-gnu/8.3.0/../../../../loongarch64-linux-gnu/lib] ==> dir [/opt/ls_2k0300_env/loongson-gnu-toolchain-8.3-x86_64-loongarch64-linux-gnu-rc1.6/bin/../lib/gcc/loongarch64-linux-gnu/8.3.0/../../../../loongarch64-linux-gnu/lib]
    arg [-L/opt/ls_2k0300_env/loongson-gnu-toolchain-8.3-x86_64-loongarch64-linux-gnu-rc1.6/bin/../loongarch64-linux-gnu/sysroot/lib] ==> dir [/opt/ls_2k0300_env/loongson-gnu-toolchain-8.3-x86_64-loongarch64-linux-gnu-rc1.6/bin/../loongarch64-linux-gnu/sysroot/lib]
    arg [-L/opt/ls_2k0300_env/loongson-gnu-toolchain-8.3-x86_64-loongarch64-linux-gnu-rc1.6/bin/../loongarch64-linux-gnu/sysroot/usr/lib] ==> dir [/opt/ls_2k0300_env/loongson-gnu-toolchain-8.3-x86_64-loongarch64-linux-gnu-rc1.6/bin/../loongarch64-linux-gnu/sysroot/usr/lib]
    arg [CMakeFiles/cmTC_7ccfc.dir/CMakeCXXCompilerABI.cpp.o] ==> ignore
    arg [-lstdc++] ==> lib [stdc++]
    arg [-lm] ==> lib [m]
    arg [-lgcc_s] ==> lib [gcc_s]
    arg [-lgcc] ==> lib [gcc]
    arg [-lc] ==> lib [c]
    arg [-lgcc_s] ==> lib [gcc_s]
    arg [-lgcc] ==> lib [gcc]
    arg [/opt/ls_2k0300_env/loongson-gnu-toolchain-8.3-x86_64-loongarch64-linux-gnu-rc1.6/bin/../lib/gcc/loongarch64-linux-gnu/8.3.0/crtend.o] ==> obj [/opt/ls_2k0300_env/loongson-gnu-toolchain-8.3-x86_64-loongarch64-linux-gnu-rc1.6/bin/../lib/gcc/loongarch64-linux-gnu/8.3.0/crtend.o]
    arg [/opt/ls_2k0300_env/loongson-gnu-toolchain-8.3-x86_64-loongarch64-linux-gnu-rc1.6/bin/../loongarch64-linux-gnu/sysroot/lib/../lib64/crtn.o] ==> obj [/opt/ls_2k0300_env/loongson-gnu-toolchain-8.3-x86_64-loongarch64-linux-gnu-rc1.6/bin/../loongarch64-linux-gnu/sysroot/lib/../lib64/crtn.o]
  collapse obj [/opt/ls_2k0300_env/loongson-gnu-toolchain-8.3-x86_64-loongarch64-linux-gnu-rc1.6/bin/../loongarch64-linux-gnu/sysroot/lib/../lib64/crt1.o] ==> [/opt/ls_2k0300_env/loongson-gnu-toolchain-8.3-x86_64-loongarch64-linux-gnu-rc1.6/loongarch64-linux-gnu/sysroot/lib64/crt1.o]
  collapse obj [/opt/ls_2k0300_env/loongson-gnu-toolchain-8.3-x86_64-loongarch64-linux-gnu-rc1.6/bin/../loongarch64-linux-gnu/sysroot/lib/../lib64/crti.o] ==> [/opt/ls_2k0300_env/loongson-gnu-toolchain-8.3-x86_64-loongarch64-linux-gnu-rc1.6/loongarch64-linux-gnu/sysroot/lib64/crti.o]
  collapse obj [/opt/ls_2k0300_env/loongson-gnu-toolchain-8.3-x86_64-loongarch64-linux-gnu-rc1.6/bin/../lib/gcc/loongarch64-linux-gnu/8.3.0/crtbegin.o] ==> [/opt/ls_2k0300_env/loongson-gnu-toolchain-8.3-x86_64-loongarch64-linux-gnu-rc1.6/lib/gcc/loongarch64-linux-gnu/8.3.0/crtbegin.o]
  collapse obj [/opt/ls_2k0300_env/loongson-gnu-toolchain-8.3-x86_64-loongarch64-linux-gnu-rc1.6/bin/../lib/gcc/loongarch64-linux-gnu/8.3.0/crtend.o] ==> [/opt/ls_2k0300_env/loongson-gnu-toolchain-8.3-x86_64-loongarch64-linux-gnu-rc1.6/lib/gcc/loongarch64-linux-gnu/8.3.0/crtend.o]
  collapse obj [/opt/ls_2k0300_env/loongson-gnu-toolchain-8.3-x86_64-loongarch64-linux-gnu-rc1.6/bin/../loongarch64-linux-gnu/sysroot/lib/../lib64/crtn.o] ==> [/opt/ls_2k0300_env/loongson-gnu-toolchain-8.3-x86_64-loongarch64-linux-gnu-rc1.6/loongarch64-linux-gnu/sysroot/lib64/crtn.o]
  collapse library dir [/opt/ls_2k0300_env/loongson-gnu-toolchain-8.3-x86_64-loongarch64-linux-gnu-rc1.6/bin/../lib/gcc/loongarch64-linux-gnu/8.3.0] ==> [/opt/ls_2k0300_env/loongson-gnu-toolchain-8.3-x86_64-loongarch64-linux-gnu-rc1.6/lib/gcc/loongarch64-linux-gnu/8.3.0]
  collapse library dir [/opt/ls_2k0300_env/loongson-gnu-toolchain-8.3-x86_64-loongarch64-linux-gnu-rc1.6/bin/../lib/gcc] ==> [/opt/ls_2k0300_env/loongson-gnu-toolchain-8.3-x86_64-loongarch64-linux-gnu-rc1.6/lib/gcc]
  collapse library dir [/opt/ls_2k0300_env/loongson-gnu-toolchain-8.3-x86_64-loongarch64-linux-gnu-rc1.6/bin/../lib/gcc/loongarch64-linux-gnu/8.3.0/../../../../loongarch64-linux-gnu/lib/../lib64] ==> [/opt/ls_2k0300_env/loongson-gnu-toolchain-8.3-x86_64-loongarch64-linux-gnu-rc1.6/loongarch64-linux-gnu/lib64]
  collapse library dir [/opt/ls_2k0300_env/loongson-gnu-toolchain-8.3-x86_64-loongarch64-linux-gnu-rc1.6/bin/../loongarch64-linux-gnu/sysroot/lib/../lib64] ==> [/opt/ls_2k0300_env/loongson-gnu-toolchain-8.3-x86_64-loongarch64-linux-gnu-rc1.6/loongarch64-linux-gnu/sysroot/lib64]
  collapse library dir [/opt/ls_2k0300_env/loongson-gnu-toolchain-8.3-x86_64-loongarch64-linux-gnu-rc1.6/bin/../loongarch64-linux-gnu/sysroot/usr/lib/../lib64] ==> [/opt/ls_2k0300_env/loongson-gnu-toolchain-8.3-x86_64-loongarch64-linux-gnu-rc1.6/loongarch64-linux-gnu/sysroot/usr/lib64]
  collapse library dir [/opt/ls_2k0300_env/loongson-gnu-toolchain-8.3-x86_64-loongarch64-linux-gnu-rc1.6/bin/../lib/gcc/loongarch64-linux-gnu/8.3.0/../../../../loongarch64-linux-gnu/lib] ==> [/opt/ls_2k0300_env/loongson-gnu-toolchain-8.3-x86_64-loongarch64-linux-gnu-rc1.6/loongarch64-linux-gnu/lib]
  collapse library dir [/opt/ls_2k0300_env/loongson-gnu-toolchain-8.3-x86_64-loongarch64-linux-gnu-rc1.6/bin/../loongarch64-linux-gnu/sysroot/lib] ==> [/opt/ls_2k0300_env/loongson-gnu-toolchain-8.3-x86_64-loongarch64-linux-gnu-rc1.6/loongarch64-linux-gnu/sysroot/lib]
  collapse library dir [/opt/ls_2k0300_env/loongson-gnu-toolchain-8.3-x86_64-loongarch64-linux-gnu-rc1.6/bin/../loongarch64-linux-gnu/sysroot/usr/lib] ==> [/opt/ls_2k0300_env/loongson-gnu-toolchain-8.3-x86_64-loongarch64-linux-gnu-rc1.6/loongarch64-linux-gnu/sysroot/usr/lib]
  implicit libs: [stdc++;m;gcc_s;gcc;c;gcc_s;gcc]
  implicit objs: [/opt/ls_2k0300_env/loongson-gnu-toolchain-8.3-x86_64-loongarch64-linux-gnu-rc1.6/loongarch64-linux-gnu/sysroot/lib64/crt1.o;/opt/ls_2k0300_env/loongson-gnu-toolchain-8.3-x86_64-loongarch64-linux-gnu-rc1.6/loongarch64-linux-gnu/sysroot/lib64/crti.o;/opt/ls_2k0300_env/loongson-gnu-toolchain-8.3-x86_64-loongarch64-linux-gnu-rc1.6/lib/gcc/loongarch64-linux-gnu/8.3.0/crtbegin.o;/opt/ls_2k0300_env/loongson-gnu-toolchain-8.3-x86_64-loongarch64-linux-gnu-rc1.6/lib/gcc/loongarch64-linux-gnu/8.3.0/crtend.o;/opt/ls_2k0300_env/loongson-gnu-toolchain-8.3-x86_64-loongarch64-linux-gnu-rc1.6/loongarch64-linux-gnu/sysroot/lib64/crtn.o]
  implicit dirs: [/opt/ls_2k0300_env/loongson-gnu-toolchain-8.3-x86_64-loongarch64-linux-gnu-rc1.6/lib/gcc/loongarch64-linux-gnu/8.3.0;/opt/ls_2k0300_env/loongson-gnu-toolchain-8.3-x86_64-loongarch64-linux-gnu-rc1.6/lib/gcc;/opt/ls_2k0300_env/loongson-gnu-toolchain-8.3-x86_64-loongarch64-linux-gnu-rc1.6/loongarch64-linux-gnu/lib64;/opt/ls_2k0300_env/loongson-gnu-toolchain-8.3-x86_64-loongarch64-linux-gnu-rc1.6/loongarch64-linux-gnu/sysroot/lib64;/opt/ls_2k0300_env/loongson-gnu-toolchain-8.3-x86_64-loongarch64-linux-gnu-rc1.6/loongarch64-linux-gnu/sysroot/usr/lib64;/opt/ls_2k0300_env/loongson-gnu-toolchain-8.3-x86_64-loongarch64-linux-gnu-rc1.6/loongarch64-linux-gnu/lib;/opt/ls_2k0300_env/loongson-gnu-toolchain-8.3-x86_64-loongarch64-linux-gnu-rc1.6/loongarch64-linux-gnu/sysroot/lib;/opt/ls_2k0300_env/loongson-gnu-toolchain-8.3-x86_64-loongarch64-linux-gnu-rc1.6/loongarch64-linux-gnu/sysroot/usr/lib]
  implicit fwks: []


